Archive member included because of file (symbol)

c:/altera/13.0/nios2eds/bin/gnu/h-i686-mingw32/bin/../lib/gcc/nios2-elf/4.1.2/../../../../nios2-elf/lib/mno-hw-mul\libsmallc.a(lib_a-puts.o)
                              obj/default/hello_world.o (puts)
c:/altera/13.0/nios2eds/bin/gnu/h-i686-mingw32/bin/../lib/gcc/nios2-elf/4.1.2/../../../../nios2-elf/lib/mno-hw-mul\libsmallc.a(lib_a-strlen.o)
                              c:/altera/13.0/nios2eds/bin/gnu/h-i686-mingw32/bin/../lib/gcc/nios2-elf/4.1.2/../../../../nios2-elf/lib/mno-hw-mul\libsmallc.a(lib_a-puts.o) (strlen)
c:/altera/13.0/nios2eds/bin/gnu/h-i686-mingw32/bin/../lib/gcc/nios2-elf/4.1.2/../../../../nios2-elf/lib/mno-hw-mul\libsmallc.a(lib_a-fvwrite_small_dev.o)
                              c:/altera/13.0/nios2eds/bin/gnu/h-i686-mingw32/bin/../lib/gcc/nios2-elf/4.1.2/../../../../nios2-elf/lib/mno-hw-mul\libsmallc.a(lib_a-puts.o) (__sfvwrite_small_dev)
c:/altera/13.0/nios2eds/bin/gnu/h-i686-mingw32/bin/../lib/gcc/nios2-elf/4.1.2/../../../../nios2-elf/lib/mno-hw-mul\libsmallc.a(lib_a-impure.o)
                              c:/altera/13.0/nios2eds/bin/gnu/h-i686-mingw32/bin/../lib/gcc/nios2-elf/4.1.2/../../../../nios2-elf/lib/mno-hw-mul\libsmallc.a(lib_a-puts.o) (_impure_ptr)
c:/altera/13.0/nios2eds/bin/gnu/h-i686-mingw32/bin/../lib/gcc/nios2-elf/4.1.2/../../../../nios2-elf/lib/mno-hw-mul\libsmallc.a(lib_a-writer.o)
                              c:/altera/13.0/nios2eds/bin/gnu/h-i686-mingw32/bin/../lib/gcc/nios2-elf/4.1.2/../../../../nios2-elf/lib/mno-hw-mul\libsmallc.a(lib_a-fvwrite_small_dev.o) (_write_r)
c:/altera/13.0/nios2eds/bin/gnu/h-i686-mingw32/bin/../lib/gcc/nios2-elf/4.1.2/../../../../nios2-elf/lib/mno-hw-mul\libsmallc.a(lib_a-int_errno.o)
                              c:/altera/13.0/nios2eds/bin/gnu/h-i686-mingw32/bin/../lib/gcc/nios2-elf/4.1.2/../../../../nios2-elf/lib/mno-hw-mul\libsmallc.a(lib_a-writer.o) (errno)
C:/PSE/fourth_pse_actvt/software/SoC1_workspace/SoC1_bsp/\libhal_bsp.a(alt_load.o)
                              C:/PSE/fourth_pse_actvt/software/SoC1_workspace/SoC1_bsp//obj/HAL/src/crt0.o (alt_load)
C:/PSE/fourth_pse_actvt/software/SoC1_workspace/SoC1_bsp/\libhal_bsp.a(alt_main.o)
                              C:/PSE/fourth_pse_actvt/software/SoC1_workspace/SoC1_bsp//obj/HAL/src/crt0.o (alt_main)
C:/PSE/fourth_pse_actvt/software/SoC1_workspace/SoC1_bsp/\libhal_bsp.a(alt_write.o)
                              c:/altera/13.0/nios2eds/bin/gnu/h-i686-mingw32/bin/../lib/gcc/nios2-elf/4.1.2/../../../../nios2-elf/lib/mno-hw-mul\libsmallc.a(lib_a-writer.o) (write)
C:/PSE/fourth_pse_actvt/software/SoC1_workspace/SoC1_bsp/\libhal_bsp.a(alt_sys_init.o)
                              C:/PSE/fourth_pse_actvt/software/SoC1_workspace/SoC1_bsp/\libhal_bsp.a(alt_main.o) (alt_irq_init)
C:/PSE/fourth_pse_actvt/software/SoC1_workspace/SoC1_bsp/\libhal_bsp.a(altera_avalon_jtag_uart_fd.o)
                              C:/PSE/fourth_pse_actvt/software/SoC1_workspace/SoC1_bsp/\libhal_bsp.a(alt_sys_init.o) (altera_avalon_jtag_uart_read_fd)
C:/PSE/fourth_pse_actvt/software/SoC1_workspace/SoC1_bsp/\libhal_bsp.a(altera_avalon_jtag_uart_read.o)
                              C:/PSE/fourth_pse_actvt/software/SoC1_workspace/SoC1_bsp/\libhal_bsp.a(altera_avalon_jtag_uart_fd.o) (altera_avalon_jtag_uart_read)
C:/PSE/fourth_pse_actvt/software/SoC1_workspace/SoC1_bsp/\libhal_bsp.a(altera_avalon_jtag_uart_write.o)
                              C:/PSE/fourth_pse_actvt/software/SoC1_workspace/SoC1_bsp/\libhal_bsp.a(altera_avalon_jtag_uart_fd.o) (altera_avalon_jtag_uart_write)
C:/PSE/fourth_pse_actvt/software/SoC1_workspace/SoC1_bsp/\libhal_bsp.a(alt_close.o)
                              C:/PSE/fourth_pse_actvt/software/SoC1_workspace/SoC1_bsp/\libhal_bsp.a(alt_main.o) (close)
C:/PSE/fourth_pse_actvt/software/SoC1_workspace/SoC1_bsp/\libhal_bsp.a(alt_dcache_flush_all.o)
                              C:/PSE/fourth_pse_actvt/software/SoC1_workspace/SoC1_bsp/\libhal_bsp.a(alt_load.o) (alt_dcache_flush_all)
C:/PSE/fourth_pse_actvt/software/SoC1_workspace/SoC1_bsp/\libhal_bsp.a(alt_dev.o)
                              C:/PSE/fourth_pse_actvt/software/SoC1_workspace/SoC1_bsp/\libhal_bsp.a(alt_sys_init.o) (alt_dev_list)
C:/PSE/fourth_pse_actvt/software/SoC1_workspace/SoC1_bsp/\libhal_bsp.a(alt_dev_llist_insert.o)
                              C:/PSE/fourth_pse_actvt/software/SoC1_workspace/SoC1_bsp/\libhal_bsp.a(alt_sys_init.o) (alt_dev_llist_insert)
C:/PSE/fourth_pse_actvt/software/SoC1_workspace/SoC1_bsp/\libhal_bsp.a(alt_errno.o)
                              C:/PSE/fourth_pse_actvt/software/SoC1_workspace/SoC1_bsp/\libhal_bsp.a(alt_write.o) (alt_errno)
C:/PSE/fourth_pse_actvt/software/SoC1_workspace/SoC1_bsp/\libhal_bsp.a(alt_icache_flush_all.o)
                              C:/PSE/fourth_pse_actvt/software/SoC1_workspace/SoC1_bsp/\libhal_bsp.a(alt_load.o) (alt_icache_flush_all)
C:/PSE/fourth_pse_actvt/software/SoC1_workspace/SoC1_bsp/\libhal_bsp.a(alt_io_redirect.o)
                              C:/PSE/fourth_pse_actvt/software/SoC1_workspace/SoC1_bsp/\libhal_bsp.a(alt_main.o) (alt_io_redirect)
C:/PSE/fourth_pse_actvt/software/SoC1_workspace/SoC1_bsp/\libhal_bsp.a(alt_open.o)
                              C:/PSE/fourth_pse_actvt/software/SoC1_workspace/SoC1_bsp/\libhal_bsp.a(alt_io_redirect.o) (open)
C:/PSE/fourth_pse_actvt/software/SoC1_workspace/SoC1_bsp/\libhal_bsp.a(alt_release_fd.o)
                              C:/PSE/fourth_pse_actvt/software/SoC1_workspace/SoC1_bsp/\libhal_bsp.a(alt_close.o) (alt_release_fd)
C:/PSE/fourth_pse_actvt/software/SoC1_workspace/SoC1_bsp/\libhal_bsp.a(altera_nios2_qsys_irq.o)
                              C:/PSE/fourth_pse_actvt/software/SoC1_workspace/SoC1_bsp/\libhal_bsp.a(alt_sys_init.o) (altera_nios2_qsys_irq_init)
C:/PSE/fourth_pse_actvt/software/SoC1_workspace/SoC1_bsp/\libhal_bsp.a(alt_find_dev.o)
                              C:/PSE/fourth_pse_actvt/software/SoC1_workspace/SoC1_bsp/\libhal_bsp.a(alt_open.o) (alt_find_dev)
C:/PSE/fourth_pse_actvt/software/SoC1_workspace/SoC1_bsp/\libhal_bsp.a(alt_find_file.o)
                              C:/PSE/fourth_pse_actvt/software/SoC1_workspace/SoC1_bsp/\libhal_bsp.a(alt_open.o) (alt_find_file)
C:/PSE/fourth_pse_actvt/software/SoC1_workspace/SoC1_bsp/\libhal_bsp.a(alt_get_fd.o)
                              C:/PSE/fourth_pse_actvt/software/SoC1_workspace/SoC1_bsp/\libhal_bsp.a(alt_open.o) (alt_get_fd)
c:/altera/13.0/nios2eds/bin/gnu/h-i686-mingw32/bin/../lib/gcc/nios2-elf/4.1.2/../../../../nios2-elf/lib/mno-hw-mul\libsmallc.a(lib_a-exit.o)
                              C:/PSE/fourth_pse_actvt/software/SoC1_workspace/SoC1_bsp/\libhal_bsp.a(alt_main.o) (exit)
c:/altera/13.0/nios2eds/bin/gnu/h-i686-mingw32/bin/../lib/gcc/nios2-elf/4.1.2/../../../../nios2-elf/lib/mno-hw-mul\libsmallc.a(lib_a-memcmp.o)
                              C:/PSE/fourth_pse_actvt/software/SoC1_workspace/SoC1_bsp/\libhal_bsp.a(alt_find_dev.o) (memcmp)
c:/altera/13.0/nios2eds/bin/gnu/h-i686-mingw32/bin/../lib/gcc/nios2-elf/4.1.2/../../../../nios2-elf/lib/mno-hw-mul\libsmallc.a(lib_a-__call_atexit.o)
                              c:/altera/13.0/nios2eds/bin/gnu/h-i686-mingw32/bin/../lib/gcc/nios2-elf/4.1.2/../../../../nios2-elf/lib/mno-hw-mul\libsmallc.a(lib_a-exit.o) (__call_exitprocs)
c:/altera/13.0/nios2eds/bin/gnu/h-i686-mingw32/bin/../lib/gcc/nios2-elf/4.1.2/mno-hw-mul\libgcc.a(lib2-mul.o)
                              C:/PSE/fourth_pse_actvt/software/SoC1_workspace/SoC1_bsp/\libhal_bsp.a(alt_write.o) (__mulsi3)
C:/PSE/fourth_pse_actvt/software/SoC1_workspace/SoC1_bsp/\libhal_bsp.a(alt_exit.o)
                              c:/altera/13.0/nios2eds/bin/gnu/h-i686-mingw32/bin/../lib/gcc/nios2-elf/4.1.2/../../../../nios2-elf/lib/mno-hw-mul\libsmallc.a(lib_a-exit.o) (_exit)

Allocating common symbols
Common symbol       size              file

errno               0x4               c:/altera/13.0/nios2eds/bin/gnu/h-i686-mingw32/bin/../lib/gcc/nios2-elf/4.1.2/../../../../nios2-elf/lib/mno-hw-mul\libsmallc.a(lib_a-int_errno.o)

Memory Configuration

Name             Origin             Length             Attributes
reset            0x00008000         0x00000020
RAM              0x00008020         0x00004fe0
*default*        0x00000000         0xffffffff

Linker script and memory map

LOAD C:/PSE/fourth_pse_actvt/software/SoC1_workspace/SoC1_bsp//obj/HAL/src/crt0.o
LOAD obj/default/hello_world.o
LOAD c:/altera/13.0/nios2eds/bin/gnu/h-i686-mingw32/bin/../lib/gcc/nios2-elf/4.1.2/../../../../nios2-elf/lib/mno-hw-mul\libstdc++.a
LOAD c:/altera/13.0/nios2eds/bin/gnu/h-i686-mingw32/bin/../lib/gcc/nios2-elf/4.1.2/../../../../nios2-elf/lib/mno-hw-mul\libm.a
LOAD c:/altera/13.0/nios2eds/bin/gnu/h-i686-mingw32/bin/../lib/gcc/nios2-elf/4.1.2/mno-hw-mul\libgcc.a
START GROUP
LOAD c:/altera/13.0/nios2eds/bin/gnu/h-i686-mingw32/bin/../lib/gcc/nios2-elf/4.1.2/../../../../nios2-elf/lib/mno-hw-mul\libsmallc.a
LOAD c:/altera/13.0/nios2eds/bin/gnu/h-i686-mingw32/bin/../lib/gcc/nios2-elf/4.1.2/mno-hw-mul\libgcc.a
LOAD C:/PSE/fourth_pse_actvt/software/SoC1_workspace/SoC1_bsp/\libhal_bsp.a
END GROUP
LOAD c:/altera/13.0/nios2eds/bin/gnu/h-i686-mingw32/bin/../lib/gcc/nios2-elf/4.1.2/mno-hw-mul\libgcc.a
                0x00008000                __alt_mem_RAM = 0x8000

.entry          0x00008000       0x20
 *(.entry)
 .entry         0x00008000       0x20 C:/PSE/fourth_pse_actvt/software/SoC1_workspace/SoC1_bsp//obj/HAL/src/crt0.o
                0x00008000                __reset

.exceptions     0x00008020        0x0
                0x00008020                PROVIDE (__ram_exceptions_start, ABSOLUTE (.))
                0x00008020                . = ALIGN (0x20)
 *(.irq)
 *(.exceptions.entry.label)
 *(.exceptions.entry.user)
 *(.exceptions.entry)
 *(.exceptions.irqtest.user)
 *(.exceptions.irqtest)
 *(.exceptions.irqhandler.user)
 *(.exceptions.irqhandler)
 *(.exceptions.irqreturn.user)
 *(.exceptions.irqreturn)
 *(.exceptions.notirq.label)
 *(.exceptions.notirq.user)
 *(.exceptions.notirq)
 *(.exceptions.soft.user)
 *(.exceptions.soft)
 *(.exceptions.unknown.user)
 *(.exceptions.unknown)
 *(.exceptions.exit.label)
 *(.exceptions.exit.user)
 *(.exceptions.exit)
 *(.exceptions)
                0x00008020                PROVIDE (__ram_exceptions_end, ABSOLUTE (.))
                0x00008020                PROVIDE (__flash_exceptions_start, LOADADDR (.exceptions))

.text           0x00008020     0x1590
                0x00008020                PROVIDE (stext, ABSOLUTE (.))
 *(.interp)
 *(.hash)
 *(.dynsym)
 *(.dynstr)
 *(.gnu.version)
 *(.gnu.version_d)
 *(.gnu.version_r)
 *(.rel.init)
 *(.rela.init)
 *(.rel.text .rel.text.* .rel.gnu.linkonce.t.*)
 *(.rela.text .rela.text.* .rela.gnu.linkonce.t.*)
 *(.rel.fini)
 *(.rela.fini)
 *(.rel.rodata .rel.rodata.* .rel.gnu.linkonce.r.*)
 *(.rela.rodata .rela.rodata.* .rela.gnu.linkonce.r.*)
 *(.rel.data .rel.data.* .rel.gnu.linkonce.d.*)
 *(.rela.data .rela.data.* .rela.gnu.linkonce.d.*)
 *(.rel.tdata .rel.tdata.* .rel.gnu.linkonce.td.*)
 *(.rela.tdata .rela.tdata.* .rela.gnu.linkonce.td.*)
 *(.rel.tbss .rel.tbss.* .rel.gnu.linkonce.tb.*)
 *(.rela.tbss .rela.tbss.* .rela.gnu.linkonce.tb.*)
 *(.rel.ctors)
 *(.rela.ctors)
 *(.rel.dtors)
 *(.rela.dtors)
 *(.rel.got)
 *(.rela.got)
 *(.rel.sdata .rel.sdata.* .rel.gnu.linkonce.s.*)
 *(.rela.sdata .rela.sdata.* .rela.gnu.linkonce.s.*)
 *(.rel.sbss .rel.sbss.* .rel.gnu.linkonce.sb.*)
 *(.rela.sbss .rela.sbss.* .rela.gnu.linkonce.sb.*)
 *(.rel.sdata2 .rel.sdata2.* .rel.gnu.linkonce.s2.*)
 *(.rela.sdata2 .rela.sdata2.* .rela.gnu.linkonce.s2.*)
 *(.rel.sbss2 .rel.sbss2.* .rel.gnu.linkonce.sb2.*)
 *(.rela.sbss2 .rela.sbss2.* .rela.gnu.linkonce.sb2.*)
 *(.rel.bss .rel.bss.* .rel.gnu.linkonce.b.*)
 *(.rela.bss .rela.bss.* .rela.gnu.linkonce.b.*)
 *(.rel.plt)
 *(.rela.plt)
 *(.rel.dyn)
 *(.init)
 *(.plt)
 *(.text .stub .text.* .gnu.linkonce.t.*)
 .text          0x00008020       0x3c C:/PSE/fourth_pse_actvt/software/SoC1_workspace/SoC1_bsp//obj/HAL/src/crt0.o
                0x00008020                _start
 .text          0x0000805c       0xac obj/default/hello_world.o
                0x0000805c                main
 .text          0x00008108       0xa4 c:/altera/13.0/nios2eds/bin/gnu/h-i686-mingw32/bin/../lib/gcc/nios2-elf/4.1.2/../../../../nios2-elf/lib/mno-hw-mul\libsmallc.a(lib_a-puts.o)
                0x00008108                _puts_r
                0x00008198                puts
 .text          0x000081ac       0x20 c:/altera/13.0/nios2eds/bin/gnu/h-i686-mingw32/bin/../lib/gcc/nios2-elf/4.1.2/../../../../nios2-elf/lib/mno-hw-mul\libsmallc.a(lib_a-strlen.o)
                0x000081ac                strlen
 .text          0x000081cc       0xbc c:/altera/13.0/nios2eds/bin/gnu/h-i686-mingw32/bin/../lib/gcc/nios2-elf/4.1.2/../../../../nios2-elf/lib/mno-hw-mul\libsmallc.a(lib_a-fvwrite_small_dev.o)
                0x000081cc                __sfvwrite_small_dev
 .text          0x00008288        0x0 c:/altera/13.0/nios2eds/bin/gnu/h-i686-mingw32/bin/../lib/gcc/nios2-elf/4.1.2/../../../../nios2-elf/lib/mno-hw-mul\libsmallc.a(lib_a-impure.o)
 .text          0x00008288       0x78 c:/altera/13.0/nios2eds/bin/gnu/h-i686-mingw32/bin/../lib/gcc/nios2-elf/4.1.2/../../../../nios2-elf/lib/mno-hw-mul\libsmallc.a(lib_a-writer.o)
                0x00008288                _write_r
 .text          0x00008300        0x0 c:/altera/13.0/nios2eds/bin/gnu/h-i686-mingw32/bin/../lib/gcc/nios2-elf/4.1.2/../../../../nios2-elf/lib/mno-hw-mul\libsmallc.a(lib_a-int_errno.o)
 .text          0x00008300       0xec C:/PSE/fourth_pse_actvt/software/SoC1_workspace/SoC1_bsp/\libhal_bsp.a(alt_load.o)
                0x00008300                alt_load
 .text          0x000083ec       0x5c C:/PSE/fourth_pse_actvt/software/SoC1_workspace/SoC1_bsp/\libhal_bsp.a(alt_main.o)
                0x000083ec                alt_main
 .text          0x00008448      0x184 C:/PSE/fourth_pse_actvt/software/SoC1_workspace/SoC1_bsp/\libhal_bsp.a(alt_write.o)
                0x00008448                write
 .text          0x000085cc       0xac C:/PSE/fourth_pse_actvt/software/SoC1_workspace/SoC1_bsp/\libhal_bsp.a(alt_sys_init.o)
                0x000085cc                alt_irq_init
                0x00008600                alt_sys_init
 .text          0x00008678       0xb0 C:/PSE/fourth_pse_actvt/software/SoC1_workspace/SoC1_bsp/\libhal_bsp.a(altera_avalon_jtag_uart_fd.o)
                0x00008678                altera_avalon_jtag_uart_read_fd
                0x000086d0                altera_avalon_jtag_uart_write_fd
 .text          0x00008728      0x104 C:/PSE/fourth_pse_actvt/software/SoC1_workspace/SoC1_bsp/\libhal_bsp.a(altera_avalon_jtag_uart_read.o)
                0x00008728                altera_avalon_jtag_uart_read
 .text          0x0000882c       0xa4 C:/PSE/fourth_pse_actvt/software/SoC1_workspace/SoC1_bsp/\libhal_bsp.a(altera_avalon_jtag_uart_write.o)
                0x0000882c                altera_avalon_jtag_uart_write
 .text          0x000088d0      0x160 C:/PSE/fourth_pse_actvt/software/SoC1_workspace/SoC1_bsp/\libhal_bsp.a(alt_close.o)
                0x000088d0                close
 .text          0x00008a30       0x1c C:/PSE/fourth_pse_actvt/software/SoC1_workspace/SoC1_bsp/\libhal_bsp.a(alt_dcache_flush_all.o)
                0x00008a30                alt_dcache_flush_all
 .text          0x00008a4c       0x2c C:/PSE/fourth_pse_actvt/software/SoC1_workspace/SoC1_bsp/\libhal_bsp.a(alt_dev.o)
 .text          0x00008a78      0x114 C:/PSE/fourth_pse_actvt/software/SoC1_workspace/SoC1_bsp/\libhal_bsp.a(alt_dev_llist_insert.o)
                0x00008a78                alt_dev_llist_insert
 .text          0x00008b8c        0x0 C:/PSE/fourth_pse_actvt/software/SoC1_workspace/SoC1_bsp/\libhal_bsp.a(alt_errno.o)
 .text          0x00008b8c       0x1c C:/PSE/fourth_pse_actvt/software/SoC1_workspace/SoC1_bsp/\libhal_bsp.a(alt_icache_flush_all.o)
                0x00008b8c                alt_icache_flush_all
 .text          0x00008ba8      0x150 C:/PSE/fourth_pse_actvt/software/SoC1_workspace/SoC1_bsp/\libhal_bsp.a(alt_io_redirect.o)
                0x00008c80                alt_io_redirect
 .text          0x00008cf8      0x2e4 C:/PSE/fourth_pse_actvt/software/SoC1_workspace/SoC1_bsp/\libhal_bsp.a(alt_open.o)
                0x00008df0                open
 .text          0x00008fdc       0x78 C:/PSE/fourth_pse_actvt/software/SoC1_workspace/SoC1_bsp/\libhal_bsp.a(alt_release_fd.o)
                0x00008fdc                alt_release_fd
 .text          0x00009054       0x20 C:/PSE/fourth_pse_actvt/software/SoC1_workspace/SoC1_bsp/\libhal_bsp.a(altera_nios2_qsys_irq.o)
                0x00009054                altera_nios2_qsys_irq_init
 .text          0x00009074       0x94 C:/PSE/fourth_pse_actvt/software/SoC1_workspace/SoC1_bsp/\libhal_bsp.a(alt_find_dev.o)
                0x00009074                alt_find_dev
 .text          0x00009108      0x120 C:/PSE/fourth_pse_actvt/software/SoC1_workspace/SoC1_bsp/\libhal_bsp.a(alt_find_file.o)
                0x00009108                alt_find_file
 .text          0x00009228       0xd0 C:/PSE/fourth_pse_actvt/software/SoC1_workspace/SoC1_bsp/\libhal_bsp.a(alt_get_fd.o)
                0x00009228                alt_get_fd
 .text          0x000092f8       0x20 c:/altera/13.0/nios2eds/bin/gnu/h-i686-mingw32/bin/../lib/gcc/nios2-elf/4.1.2/../../../../nios2-elf/lib/mno-hw-mul\libsmallc.a(lib_a-exit.o)
                0x000092f8                exit
 .text          0x00009318       0x3c c:/altera/13.0/nios2eds/bin/gnu/h-i686-mingw32/bin/../lib/gcc/nios2-elf/4.1.2/../../../../nios2-elf/lib/mno-hw-mul\libsmallc.a(lib_a-memcmp.o)
                0x00009318                memcmp
 .text          0x00009354      0x1c0 c:/altera/13.0/nios2eds/bin/gnu/h-i686-mingw32/bin/../lib/gcc/nios2-elf/4.1.2/../../../../nios2-elf/lib/mno-hw-mul\libsmallc.a(lib_a-__call_atexit.o)
                0x00009358                __call_exitprocs
 .text          0x00009514       0x38 c:/altera/13.0/nios2eds/bin/gnu/h-i686-mingw32/bin/../lib/gcc/nios2-elf/4.1.2/mno-hw-mul\libgcc.a(lib2-mul.o)
                0x00009514                __mulsi3
 .text          0x0000954c       0x60 C:/PSE/fourth_pse_actvt/software/SoC1_workspace/SoC1_bsp/\libhal_bsp.a(alt_exit.o)
                0x0000958c                _exit
 *(.gnu.warning.*)
 *(.fini)
                0x000095ac                PROVIDE (__etext, ABSOLUTE (.))
                0x000095ac                PROVIDE (_etext, ABSOLUTE (.))
                0x000095ac                PROVIDE (etext, ABSOLUTE (.))
 *(.eh_frame_hdr)
                0x000095ac                . = ALIGN (0x4)
                0x000095ac                PROVIDE (__preinit_array_start, ABSOLUTE (.))
 *(.preinit_array)
                0x000095ac                PROVIDE (__preinit_array_end, ABSOLUTE (.))
                0x000095ac                PROVIDE (__init_array_start, ABSOLUTE (.))
 *(.init_array)
                0x000095ac                PROVIDE (__init_array_end, ABSOLUTE (.))
                0x000095ac                PROVIDE (__fini_array_start, ABSOLUTE (.))
 *(.fini_array)
                0x000095ac                PROVIDE (__fini_array_end, ABSOLUTE (.))
 *(.eh_frame)
 *(.gcc_except_table)
 *(.dynamic)
                0x000095ac                PROVIDE (__CTOR_LIST__, ABSOLUTE (.))
 *(.ctors)
 *(SORT(.ctors.*))
 .ctors.65535   0x000095ac        0x4 c:/altera/13.0/nios2eds/bin/gnu/h-i686-mingw32/bin/../lib/gcc/nios2-elf/4.1.2/../../../../nios2-elf/lib/mno-hw-mul\libsmallc.a(lib_a-__call_atexit.o)
                0x000095b0                PROVIDE (__CTOR_END__, ABSOLUTE (.))
                0x000095b0                PROVIDE (__DTOR_LIST__, ABSOLUTE (.))
 *(.dtors)
 *(SORT(.dtors.*))
                0x000095b0                PROVIDE (__DTOR_END__, ABSOLUTE (.))
 *(.jcr)
                0x000095b0                . = ALIGN (0x4)

.rodata         0x000095b0      0x188
                0x000095b0                PROVIDE (__ram_rodata_start, ABSOLUTE (.))
                0x000095b0                . = ALIGN (0x4)
 *(.rodata .rodata.* .gnu.linkonce.r.*)
 .rodata        0x000095b0      0x160 obj/default/hello_world.o
 .rodata.str1.4
                0x00009710        0x4 c:/altera/13.0/nios2eds/bin/gnu/h-i686-mingw32/bin/../lib/gcc/nios2-elf/4.1.2/../../../../nios2-elf/lib/mno-hw-mul\libsmallc.a(lib_a-puts.o)
 .rodata        0x00009714        0xc C:/PSE/fourth_pse_actvt/software/SoC1_workspace/SoC1_bsp/\libhal_bsp.a(alt_main.o)
 .rodata        0x00009720        0xc C:/PSE/fourth_pse_actvt/software/SoC1_workspace/SoC1_bsp/\libhal_bsp.a(alt_sys_init.o)
 .rodata        0x0000972c        0xc C:/PSE/fourth_pse_actvt/software/SoC1_workspace/SoC1_bsp/\libhal_bsp.a(alt_dev.o)
 *(.rodata1)
                0x00009738                . = ALIGN (0x4)
                0x00009738                PROVIDE (__ram_rodata_end, ABSOLUTE (.))
                0x000095b0                PROVIDE (__flash_rodata_start, LOADADDR (.rodata))

.rwdata         0x00009738      0x2d4 load address 0x00009a0c
                0x00009738                PROVIDE (__ram_rwdata_start, ABSOLUTE (.))
                0x00009738                . = ALIGN (0x4)
 *(.got.plt)
 *(.got)
 *(.data1)
 *(.data .data.* .gnu.linkonce.d.*)
 .data          0x00009738        0x0 C:/PSE/fourth_pse_actvt/software/SoC1_workspace/SoC1_bsp//obj/HAL/src/crt0.o
 .data          0x00009738        0x0 obj/default/hello_world.o
 .data          0x00009738        0x0 c:/altera/13.0/nios2eds/bin/gnu/h-i686-mingw32/bin/../lib/gcc/nios2-elf/4.1.2/../../../../nios2-elf/lib/mno-hw-mul\libsmallc.a(lib_a-puts.o)
 .data          0x00009738        0x0 c:/altera/13.0/nios2eds/bin/gnu/h-i686-mingw32/bin/../lib/gcc/nios2-elf/4.1.2/../../../../nios2-elf/lib/mno-hw-mul\libsmallc.a(lib_a-strlen.o)
 .data          0x00009738        0x0 c:/altera/13.0/nios2eds/bin/gnu/h-i686-mingw32/bin/../lib/gcc/nios2-elf/4.1.2/../../../../nios2-elf/lib/mno-hw-mul\libsmallc.a(lib_a-fvwrite_small_dev.o)
 .data          0x00009738       0xe0 c:/altera/13.0/nios2eds/bin/gnu/h-i686-mingw32/bin/../lib/gcc/nios2-elf/4.1.2/../../../../nios2-elf/lib/mno-hw-mul\libsmallc.a(lib_a-impure.o)
 .data          0x00009818        0x0 c:/altera/13.0/nios2eds/bin/gnu/h-i686-mingw32/bin/../lib/gcc/nios2-elf/4.1.2/../../../../nios2-elf/lib/mno-hw-mul\libsmallc.a(lib_a-writer.o)
 .data          0x00009818        0x0 c:/altera/13.0/nios2eds/bin/gnu/h-i686-mingw32/bin/../lib/gcc/nios2-elf/4.1.2/../../../../nios2-elf/lib/mno-hw-mul\libsmallc.a(lib_a-int_errno.o)
 .data          0x00009818        0x0 C:/PSE/fourth_pse_actvt/software/SoC1_workspace/SoC1_bsp/\libhal_bsp.a(alt_load.o)
 .data          0x00009818        0x0 C:/PSE/fourth_pse_actvt/software/SoC1_workspace/SoC1_bsp/\libhal_bsp.a(alt_main.o)
 .data          0x00009818        0x0 C:/PSE/fourth_pse_actvt/software/SoC1_workspace/SoC1_bsp/\libhal_bsp.a(alt_write.o)
 .data          0x00009818       0x2c C:/PSE/fourth_pse_actvt/software/SoC1_workspace/SoC1_bsp/\libhal_bsp.a(alt_sys_init.o)
 .data          0x00009844        0x0 C:/PSE/fourth_pse_actvt/software/SoC1_workspace/SoC1_bsp/\libhal_bsp.a(altera_avalon_jtag_uart_fd.o)
 .data          0x00009844        0x0 C:/PSE/fourth_pse_actvt/software/SoC1_workspace/SoC1_bsp/\libhal_bsp.a(altera_avalon_jtag_uart_read.o)
 .data          0x00009844        0x0 C:/PSE/fourth_pse_actvt/software/SoC1_workspace/SoC1_bsp/\libhal_bsp.a(altera_avalon_jtag_uart_write.o)
 .data          0x00009844        0x0 C:/PSE/fourth_pse_actvt/software/SoC1_workspace/SoC1_bsp/\libhal_bsp.a(alt_close.o)
 .data          0x00009844        0x0 C:/PSE/fourth_pse_actvt/software/SoC1_workspace/SoC1_bsp/\libhal_bsp.a(alt_dcache_flush_all.o)
 .data          0x00009844      0x1a8 C:/PSE/fourth_pse_actvt/software/SoC1_workspace/SoC1_bsp/\libhal_bsp.a(alt_dev.o)
                0x00009844                alt_dev_null
                0x0000986c                alt_fd_list
 .data          0x000099ec        0x0 C:/PSE/fourth_pse_actvt/software/SoC1_workspace/SoC1_bsp/\libhal_bsp.a(alt_dev_llist_insert.o)
 .data          0x000099ec        0x0 C:/PSE/fourth_pse_actvt/software/SoC1_workspace/SoC1_bsp/\libhal_bsp.a(alt_errno.o)
 .data          0x000099ec        0x0 C:/PSE/fourth_pse_actvt/software/SoC1_workspace/SoC1_bsp/\libhal_bsp.a(alt_icache_flush_all.o)
 .data          0x000099ec        0x0 C:/PSE/fourth_pse_actvt/software/SoC1_workspace/SoC1_bsp/\libhal_bsp.a(alt_io_redirect.o)
 .data          0x000099ec        0x0 C:/PSE/fourth_pse_actvt/software/SoC1_workspace/SoC1_bsp/\libhal_bsp.a(alt_open.o)
 .data          0x000099ec        0x0 C:/PSE/fourth_pse_actvt/software/SoC1_workspace/SoC1_bsp/\libhal_bsp.a(alt_release_fd.o)
 .data          0x000099ec        0x0 C:/PSE/fourth_pse_actvt/software/SoC1_workspace/SoC1_bsp/\libhal_bsp.a(altera_nios2_qsys_irq.o)
 .data          0x000099ec        0x0 C:/PSE/fourth_pse_actvt/software/SoC1_workspace/SoC1_bsp/\libhal_bsp.a(alt_find_dev.o)
 .data          0x000099ec        0x0 C:/PSE/fourth_pse_actvt/software/SoC1_workspace/SoC1_bsp/\libhal_bsp.a(alt_find_file.o)
 .data          0x000099ec        0x0 C:/PSE/fourth_pse_actvt/software/SoC1_workspace/SoC1_bsp/\libhal_bsp.a(alt_get_fd.o)
 .data          0x000099ec        0x0 c:/altera/13.0/nios2eds/bin/gnu/h-i686-mingw32/bin/../lib/gcc/nios2-elf/4.1.2/../../../../nios2-elf/lib/mno-hw-mul\libsmallc.a(lib_a-exit.o)
 .data          0x000099ec        0x0 c:/altera/13.0/nios2eds/bin/gnu/h-i686-mingw32/bin/../lib/gcc/nios2-elf/4.1.2/../../../../nios2-elf/lib/mno-hw-mul\libsmallc.a(lib_a-memcmp.o)
 .data          0x000099ec        0x0 c:/altera/13.0/nios2eds/bin/gnu/h-i686-mingw32/bin/../lib/gcc/nios2-elf/4.1.2/../../../../nios2-elf/lib/mno-hw-mul\libsmallc.a(lib_a-__call_atexit.o)
 .data          0x000099ec        0x0 c:/altera/13.0/nios2eds/bin/gnu/h-i686-mingw32/bin/../lib/gcc/nios2-elf/4.1.2/mno-hw-mul\libgcc.a(lib2-mul.o)
 .data          0x000099ec        0x0 C:/PSE/fourth_pse_actvt/software/SoC1_workspace/SoC1_bsp/\libhal_bsp.a(alt_exit.o)
                0x000119ec                _gp = ABSOLUTE ((. + 0x8000))
                0x000119ec                PROVIDE (gp, _gp)
 *(.rwdata .rwdata.*)
 *(.sdata .sdata.* .gnu.linkonce.s.*)
 .sdata         0x000099ec        0x8 c:/altera/13.0/nios2eds/bin/gnu/h-i686-mingw32/bin/../lib/gcc/nios2-elf/4.1.2/../../../../nios2-elf/lib/mno-hw-mul\libsmallc.a(lib_a-impure.o)
                0x000099ec                _impure_ptr
                0x000099f0                _global_impure_ptr
 .sdata         0x000099f4       0x14 C:/PSE/fourth_pse_actvt/software/SoC1_workspace/SoC1_bsp/\libhal_bsp.a(alt_dev.o)
                0x000099f4                alt_fs_list
                0x000099fc                alt_dev_list
                0x00009a04                alt_max_fd
 .sdata         0x00009a08        0x4 C:/PSE/fourth_pse_actvt/software/SoC1_workspace/SoC1_bsp/\libhal_bsp.a(alt_errno.o)
                0x00009a08                alt_errno
 *(.sdata2 .sdata2.* .gnu.linkonce.s2.*)
                0x00009a0c                . = ALIGN (0x4)
                0x00009a0c                _edata = ABSOLUTE (.)
                0x00009a0c                PROVIDE (edata, ABSOLUTE (.))
                0x00009a0c                PROVIDE (__ram_rwdata_end, ABSOLUTE (.))
                0x00009a0c                PROVIDE (__flash_rwdata_start, LOADADDR (.rwdata))

.bss            0x00009ce0       0x10
                0x00009ce0                __bss_start = ABSOLUTE (.)
                0x00009ce0                PROVIDE (__sbss_start, ABSOLUTE (.))
                0x00009ce0                PROVIDE (___sbss_start, ABSOLUTE (.))
 *(.dynsbss)
 *(.sbss .sbss.* .gnu.linkonce.sb.*)
 .sbss          0x00009ce0        0x4 c:/altera/13.0/nios2eds/bin/gnu/h-i686-mingw32/bin/../lib/gcc/nios2-elf/4.1.2/../../../../nios2-elf/lib/mno-hw-mul\libsmallc.a(lib_a-int_errno.o)
                0x00009ce0                errno
 .sbss          0x00009ce4        0xc C:/PSE/fourth_pse_actvt/software/SoC1_workspace/SoC1_bsp/\libhal_bsp.a(alt_main.o)
                0x00009ce4                alt_argc
                0x00009ce8                alt_argv
                0x00009cec                alt_envp
 *(.sbss2 .sbss2.* .gnu.linkonce.sb2.*)
 *(.scommon)
                0x00009cf0                PROVIDE (__sbss_end, ABSOLUTE (.))
                0x00009cf0                PROVIDE (___sbss_end, ABSOLUTE (.))
 *(.dynbss)
 *(.bss .bss.* .gnu.linkonce.b.*)
 .bss           0x00009cf0        0x0 C:/PSE/fourth_pse_actvt/software/SoC1_workspace/SoC1_bsp//obj/HAL/src/crt0.o
 .bss           0x00009cf0        0x0 obj/default/hello_world.o
 .bss           0x00009cf0        0x0 c:/altera/13.0/nios2eds/bin/gnu/h-i686-mingw32/bin/../lib/gcc/nios2-elf/4.1.2/../../../../nios2-elf/lib/mno-hw-mul\libsmallc.a(lib_a-puts.o)
 .bss           0x00009cf0        0x0 c:/altera/13.0/nios2eds/bin/gnu/h-i686-mingw32/bin/../lib/gcc/nios2-elf/4.1.2/../../../../nios2-elf/lib/mno-hw-mul\libsmallc.a(lib_a-strlen.o)
 .bss           0x00009cf0        0x0 c:/altera/13.0/nios2eds/bin/gnu/h-i686-mingw32/bin/../lib/gcc/nios2-elf/4.1.2/../../../../nios2-elf/lib/mno-hw-mul\libsmallc.a(lib_a-fvwrite_small_dev.o)
 .bss           0x00009cf0        0x0 c:/altera/13.0/nios2eds/bin/gnu/h-i686-mingw32/bin/../lib/gcc/nios2-elf/4.1.2/../../../../nios2-elf/lib/mno-hw-mul\libsmallc.a(lib_a-impure.o)
 .bss           0x00009cf0        0x0 c:/altera/13.0/nios2eds/bin/gnu/h-i686-mingw32/bin/../lib/gcc/nios2-elf/4.1.2/../../../../nios2-elf/lib/mno-hw-mul\libsmallc.a(lib_a-writer.o)
 .bss           0x00009cf0        0x0 c:/altera/13.0/nios2eds/bin/gnu/h-i686-mingw32/bin/../lib/gcc/nios2-elf/4.1.2/../../../../nios2-elf/lib/mno-hw-mul\libsmallc.a(lib_a-int_errno.o)
 .bss           0x00009cf0        0x0 C:/PSE/fourth_pse_actvt/software/SoC1_workspace/SoC1_bsp/\libhal_bsp.a(alt_load.o)
 .bss           0x00009cf0        0x0 C:/PSE/fourth_pse_actvt/software/SoC1_workspace/SoC1_bsp/\libhal_bsp.a(alt_main.o)
 .bss           0x00009cf0        0x0 C:/PSE/fourth_pse_actvt/software/SoC1_workspace/SoC1_bsp/\libhal_bsp.a(alt_write.o)
 .bss           0x00009cf0        0x0 C:/PSE/fourth_pse_actvt/software/SoC1_workspace/SoC1_bsp/\libhal_bsp.a(alt_sys_init.o)
 .bss           0x00009cf0        0x0 C:/PSE/fourth_pse_actvt/software/SoC1_workspace/SoC1_bsp/\libhal_bsp.a(altera_avalon_jtag_uart_fd.o)
 .bss           0x00009cf0        0x0 C:/PSE/fourth_pse_actvt/software/SoC1_workspace/SoC1_bsp/\libhal_bsp.a(altera_avalon_jtag_uart_read.o)
 .bss           0x00009cf0        0x0 C:/PSE/fourth_pse_actvt/software/SoC1_workspace/SoC1_bsp/\libhal_bsp.a(altera_avalon_jtag_uart_write.o)
 .bss           0x00009cf0        0x0 C:/PSE/fourth_pse_actvt/software/SoC1_workspace/SoC1_bsp/\libhal_bsp.a(alt_close.o)
 .bss           0x00009cf0        0x0 C:/PSE/fourth_pse_actvt/software/SoC1_workspace/SoC1_bsp/\libhal_bsp.a(alt_dcache_flush_all.o)
 .bss           0x00009cf0        0x0 C:/PSE/fourth_pse_actvt/software/SoC1_workspace/SoC1_bsp/\libhal_bsp.a(alt_dev.o)
 .bss           0x00009cf0        0x0 C:/PSE/fourth_pse_actvt/software/SoC1_workspace/SoC1_bsp/\libhal_bsp.a(alt_dev_llist_insert.o)
 .bss           0x00009cf0        0x0 C:/PSE/fourth_pse_actvt/software/SoC1_workspace/SoC1_bsp/\libhal_bsp.a(alt_errno.o)
 .bss           0x00009cf0        0x0 C:/PSE/fourth_pse_actvt/software/SoC1_workspace/SoC1_bsp/\libhal_bsp.a(alt_icache_flush_all.o)
 .bss           0x00009cf0        0x0 C:/PSE/fourth_pse_actvt/software/SoC1_workspace/SoC1_bsp/\libhal_bsp.a(alt_io_redirect.o)
 .bss           0x00009cf0        0x0 C:/PSE/fourth_pse_actvt/software/SoC1_workspace/SoC1_bsp/\libhal_bsp.a(alt_open.o)
 .bss           0x00009cf0        0x0 C:/PSE/fourth_pse_actvt/software/SoC1_workspace/SoC1_bsp/\libhal_bsp.a(alt_release_fd.o)
 .bss           0x00009cf0        0x0 C:/PSE/fourth_pse_actvt/software/SoC1_workspace/SoC1_bsp/\libhal_bsp.a(altera_nios2_qsys_irq.o)
 .bss           0x00009cf0        0x0 C:/PSE/fourth_pse_actvt/software/SoC1_workspace/SoC1_bsp/\libhal_bsp.a(alt_find_dev.o)
 .bss           0x00009cf0        0x0 C:/PSE/fourth_pse_actvt/software/SoC1_workspace/SoC1_bsp/\libhal_bsp.a(alt_find_file.o)
 .bss           0x00009cf0        0x0 C:/PSE/fourth_pse_actvt/software/SoC1_workspace/SoC1_bsp/\libhal_bsp.a(alt_get_fd.o)
 .bss           0x00009cf0        0x0 c:/altera/13.0/nios2eds/bin/gnu/h-i686-mingw32/bin/../lib/gcc/nios2-elf/4.1.2/../../../../nios2-elf/lib/mno-hw-mul\libsmallc.a(lib_a-exit.o)
 .bss           0x00009cf0        0x0 c:/altera/13.0/nios2eds/bin/gnu/h-i686-mingw32/bin/../lib/gcc/nios2-elf/4.1.2/../../../../nios2-elf/lib/mno-hw-mul\libsmallc.a(lib_a-memcmp.o)
 .bss           0x00009cf0        0x0 c:/altera/13.0/nios2eds/bin/gnu/h-i686-mingw32/bin/../lib/gcc/nios2-elf/4.1.2/../../../../nios2-elf/lib/mno-hw-mul\libsmallc.a(lib_a-__call_atexit.o)
 .bss           0x00009cf0        0x0 c:/altera/13.0/nios2eds/bin/gnu/h-i686-mingw32/bin/../lib/gcc/nios2-elf/4.1.2/mno-hw-mul\libgcc.a(lib2-mul.o)
 .bss           0x00009cf0        0x0 C:/PSE/fourth_pse_actvt/software/SoC1_workspace/SoC1_bsp/\libhal_bsp.a(alt_exit.o)
 *(COMMON)
                0x00009cf0                . = ALIGN (0x4)
                0x00009cf0                __bss_end = ABSOLUTE (.)

.RAM            0x00009cf0        0x0
                0x00009cf0                PROVIDE (_alt_partition_RAM_start, ABSOLUTE (.))
 *(.RAM. RAM.*)
                0x00009cf0                . = ALIGN (0x4)
                0x00009cf0                PROVIDE (_alt_partition_RAM_end, ABSOLUTE (.))
                0x00009cf0                _end = ABSOLUTE (.)
                0x00009cf0                end = ABSOLUTE (.)
                0x00009cf0                __alt_stack_base = ABSOLUTE (.)
                0x00009cf0                PROVIDE (_alt_partition_RAM_load_addr, LOADADDR (.RAM))

.stab
 *(.stab)

.stabstr
 *(.stabstr)

.stab.excl
 *(.stab.excl)

.stab.exclstr
 *(.stab.exclstr)

.stab.index
 *(.stab.index)

.stab.indexstr
 *(.stab.indexstr)

.comment        0x00000000       0x23
 *(.comment)
 .comment       0x00000000       0x23 obj/default/hello_world.o
                                 0x24 (size before relaxing)
 .comment       0x00000000       0x24 c:/altera/13.0/nios2eds/bin/gnu/h-i686-mingw32/bin/../lib/gcc/nios2-elf/4.1.2/../../../../nios2-elf/lib/mno-hw-mul\libsmallc.a(lib_a-puts.o)
 .comment       0x00000000       0x24 c:/altera/13.0/nios2eds/bin/gnu/h-i686-mingw32/bin/../lib/gcc/nios2-elf/4.1.2/../../../../nios2-elf/lib/mno-hw-mul\libsmallc.a(lib_a-strlen.o)
 .comment       0x00000000       0x24 c:/altera/13.0/nios2eds/bin/gnu/h-i686-mingw32/bin/../lib/gcc/nios2-elf/4.1.2/../../../../nios2-elf/lib/mno-hw-mul\libsmallc.a(lib_a-fvwrite_small_dev.o)
 .comment       0x00000000       0x24 c:/altera/13.0/nios2eds/bin/gnu/h-i686-mingw32/bin/../lib/gcc/nios2-elf/4.1.2/../../../../nios2-elf/lib/mno-hw-mul\libsmallc.a(lib_a-impure.o)
 .comment       0x00000000       0x24 c:/altera/13.0/nios2eds/bin/gnu/h-i686-mingw32/bin/../lib/gcc/nios2-elf/4.1.2/../../../../nios2-elf/lib/mno-hw-mul\libsmallc.a(lib_a-writer.o)
 .comment       0x00000000       0x24 c:/altera/13.0/nios2eds/bin/gnu/h-i686-mingw32/bin/../lib/gcc/nios2-elf/4.1.2/../../../../nios2-elf/lib/mno-hw-mul\libsmallc.a(lib_a-int_errno.o)
 .comment       0x00000000       0x24 C:/PSE/fourth_pse_actvt/software/SoC1_workspace/SoC1_bsp/\libhal_bsp.a(alt_load.o)
 .comment       0x00000000       0x24 C:/PSE/fourth_pse_actvt/software/SoC1_workspace/SoC1_bsp/\libhal_bsp.a(alt_main.o)
 .comment       0x00000000       0x24 C:/PSE/fourth_pse_actvt/software/SoC1_workspace/SoC1_bsp/\libhal_bsp.a(alt_write.o)
 .comment       0x00000000       0x24 C:/PSE/fourth_pse_actvt/software/SoC1_workspace/SoC1_bsp/\libhal_bsp.a(alt_sys_init.o)
 .comment       0x00000000       0x24 C:/PSE/fourth_pse_actvt/software/SoC1_workspace/SoC1_bsp/\libhal_bsp.a(altera_avalon_jtag_uart_fd.o)
 .comment       0x00000000       0x24 C:/PSE/fourth_pse_actvt/software/SoC1_workspace/SoC1_bsp/\libhal_bsp.a(altera_avalon_jtag_uart_read.o)
 .comment       0x00000000       0x24 C:/PSE/fourth_pse_actvt/software/SoC1_workspace/SoC1_bsp/\libhal_bsp.a(altera_avalon_jtag_uart_write.o)
 .comment       0x00000000       0x24 C:/PSE/fourth_pse_actvt/software/SoC1_workspace/SoC1_bsp/\libhal_bsp.a(alt_close.o)
 .comment       0x00000000       0x24 C:/PSE/fourth_pse_actvt/software/SoC1_workspace/SoC1_bsp/\libhal_bsp.a(alt_dcache_flush_all.o)
 .comment       0x00000000       0x24 C:/PSE/fourth_pse_actvt/software/SoC1_workspace/SoC1_bsp/\libhal_bsp.a(alt_dev.o)
 .comment       0x00000000       0x24 C:/PSE/fourth_pse_actvt/software/SoC1_workspace/SoC1_bsp/\libhal_bsp.a(alt_dev_llist_insert.o)
 .comment       0x00000000       0x24 C:/PSE/fourth_pse_actvt/software/SoC1_workspace/SoC1_bsp/\libhal_bsp.a(alt_errno.o)
 .comment       0x00000000       0x24 C:/PSE/fourth_pse_actvt/software/SoC1_workspace/SoC1_bsp/\libhal_bsp.a(alt_icache_flush_all.o)
 .comment       0x00000000       0x24 C:/PSE/fourth_pse_actvt/software/SoC1_workspace/SoC1_bsp/\libhal_bsp.a(alt_io_redirect.o)
 .comment       0x00000000       0x24 C:/PSE/fourth_pse_actvt/software/SoC1_workspace/SoC1_bsp/\libhal_bsp.a(alt_open.o)
 .comment       0x00000000       0x24 C:/PSE/fourth_pse_actvt/software/SoC1_workspace/SoC1_bsp/\libhal_bsp.a(alt_release_fd.o)
 .comment       0x00000000       0x24 C:/PSE/fourth_pse_actvt/software/SoC1_workspace/SoC1_bsp/\libhal_bsp.a(altera_nios2_qsys_irq.o)
 .comment       0x00000000       0x24 C:/PSE/fourth_pse_actvt/software/SoC1_workspace/SoC1_bsp/\libhal_bsp.a(alt_find_dev.o)
 .comment       0x00000000       0x24 C:/PSE/fourth_pse_actvt/software/SoC1_workspace/SoC1_bsp/\libhal_bsp.a(alt_find_file.o)
 .comment       0x00000000       0x24 C:/PSE/fourth_pse_actvt/software/SoC1_workspace/SoC1_bsp/\libhal_bsp.a(alt_get_fd.o)
 .comment       0x00000000       0x24 c:/altera/13.0/nios2eds/bin/gnu/h-i686-mingw32/bin/../lib/gcc/nios2-elf/4.1.2/../../../../nios2-elf/lib/mno-hw-mul\libsmallc.a(lib_a-exit.o)
 .comment       0x00000000       0x24 c:/altera/13.0/nios2eds/bin/gnu/h-i686-mingw32/bin/../lib/gcc/nios2-elf/4.1.2/../../../../nios2-elf/lib/mno-hw-mul\libsmallc.a(lib_a-memcmp.o)
 .comment       0x00000000       0x24 c:/altera/13.0/nios2eds/bin/gnu/h-i686-mingw32/bin/../lib/gcc/nios2-elf/4.1.2/../../../../nios2-elf/lib/mno-hw-mul\libsmallc.a(lib_a-__call_atexit.o)
 .comment       0x00000000       0x24 c:/altera/13.0/nios2eds/bin/gnu/h-i686-mingw32/bin/../lib/gcc/nios2-elf/4.1.2/mno-hw-mul\libgcc.a(lib2-mul.o)
 .comment       0x00000000       0x24 C:/PSE/fourth_pse_actvt/software/SoC1_workspace/SoC1_bsp/\libhal_bsp.a(alt_exit.o)

.debug
 *(.debug)

.line
 *(.line)

.debug_srcinfo
 *(.debug_srcinfo)

.debug_sfnames
 *(.debug_sfnames)

.debug_aranges  0x00000000      0x3c8
 *(.debug_aranges)
 .debug_aranges
                0x00000000       0x28 C:/PSE/fourth_pse_actvt/software/SoC1_workspace/SoC1_bsp//obj/HAL/src/crt0.o
 .debug_aranges
                0x00000028       0x20 obj/default/hello_world.o
 .debug_aranges
                0x00000048       0x20 c:/altera/13.0/nios2eds/bin/gnu/h-i686-mingw32/bin/../lib/gcc/nios2-elf/4.1.2/../../../../nios2-elf/lib/mno-hw-mul\libsmallc.a(lib_a-puts.o)
 .debug_aranges
                0x00000068       0x20 c:/altera/13.0/nios2eds/bin/gnu/h-i686-mingw32/bin/../lib/gcc/nios2-elf/4.1.2/../../../../nios2-elf/lib/mno-hw-mul\libsmallc.a(lib_a-strlen.o)
 .debug_aranges
                0x00000088       0x20 c:/altera/13.0/nios2eds/bin/gnu/h-i686-mingw32/bin/../lib/gcc/nios2-elf/4.1.2/../../../../nios2-elf/lib/mno-hw-mul\libsmallc.a(lib_a-fvwrite_small_dev.o)
 .debug_aranges
                0x000000a8       0x20 c:/altera/13.0/nios2eds/bin/gnu/h-i686-mingw32/bin/../lib/gcc/nios2-elf/4.1.2/../../../../nios2-elf/lib/mno-hw-mul\libsmallc.a(lib_a-writer.o)
 .debug_aranges
                0x000000c8       0x20 C:/PSE/fourth_pse_actvt/software/SoC1_workspace/SoC1_bsp/\libhal_bsp.a(alt_load.o)
 .debug_aranges
                0x000000e8       0x20 C:/PSE/fourth_pse_actvt/software/SoC1_workspace/SoC1_bsp/\libhal_bsp.a(alt_main.o)
 .debug_aranges
                0x00000108       0x20 C:/PSE/fourth_pse_actvt/software/SoC1_workspace/SoC1_bsp/\libhal_bsp.a(alt_write.o)
 .debug_aranges
                0x00000128       0x20 C:/PSE/fourth_pse_actvt/software/SoC1_workspace/SoC1_bsp/\libhal_bsp.a(alt_sys_init.o)
 .debug_aranges
                0x00000148       0x20 C:/PSE/fourth_pse_actvt/software/SoC1_workspace/SoC1_bsp/\libhal_bsp.a(altera_avalon_jtag_uart_fd.o)
 .debug_aranges
                0x00000168       0x20 C:/PSE/fourth_pse_actvt/software/SoC1_workspace/SoC1_bsp/\libhal_bsp.a(altera_avalon_jtag_uart_read.o)
 .debug_aranges
                0x00000188       0x20 C:/PSE/fourth_pse_actvt/software/SoC1_workspace/SoC1_bsp/\libhal_bsp.a(altera_avalon_jtag_uart_write.o)
 .debug_aranges
                0x000001a8       0x20 C:/PSE/fourth_pse_actvt/software/SoC1_workspace/SoC1_bsp/\libhal_bsp.a(alt_close.o)
 .debug_aranges
                0x000001c8       0x20 C:/PSE/fourth_pse_actvt/software/SoC1_workspace/SoC1_bsp/\libhal_bsp.a(alt_dcache_flush_all.o)
 .debug_aranges
                0x000001e8       0x20 C:/PSE/fourth_pse_actvt/software/SoC1_workspace/SoC1_bsp/\libhal_bsp.a(alt_dev.o)
 .debug_aranges
                0x00000208       0x20 C:/PSE/fourth_pse_actvt/software/SoC1_workspace/SoC1_bsp/\libhal_bsp.a(alt_dev_llist_insert.o)
 .debug_aranges
                0x00000228       0x20 C:/PSE/fourth_pse_actvt/software/SoC1_workspace/SoC1_bsp/\libhal_bsp.a(alt_icache_flush_all.o)
 .debug_aranges
                0x00000248       0x20 C:/PSE/fourth_pse_actvt/software/SoC1_workspace/SoC1_bsp/\libhal_bsp.a(alt_io_redirect.o)
 .debug_aranges
                0x00000268       0x20 C:/PSE/fourth_pse_actvt/software/SoC1_workspace/SoC1_bsp/\libhal_bsp.a(alt_open.o)
 .debug_aranges
                0x00000288       0x20 C:/PSE/fourth_pse_actvt/software/SoC1_workspace/SoC1_bsp/\libhal_bsp.a(alt_release_fd.o)
 .debug_aranges
                0x000002a8       0x20 C:/PSE/fourth_pse_actvt/software/SoC1_workspace/SoC1_bsp/\libhal_bsp.a(altera_nios2_qsys_irq.o)
 .debug_aranges
                0x000002c8       0x20 C:/PSE/fourth_pse_actvt/software/SoC1_workspace/SoC1_bsp/\libhal_bsp.a(alt_find_dev.o)
 .debug_aranges
                0x000002e8       0x20 C:/PSE/fourth_pse_actvt/software/SoC1_workspace/SoC1_bsp/\libhal_bsp.a(alt_find_file.o)
 .debug_aranges
                0x00000308       0x20 C:/PSE/fourth_pse_actvt/software/SoC1_workspace/SoC1_bsp/\libhal_bsp.a(alt_get_fd.o)
 .debug_aranges
                0x00000328       0x20 c:/altera/13.0/nios2eds/bin/gnu/h-i686-mingw32/bin/../lib/gcc/nios2-elf/4.1.2/../../../../nios2-elf/lib/mno-hw-mul\libsmallc.a(lib_a-exit.o)
 .debug_aranges
                0x00000348       0x20 c:/altera/13.0/nios2eds/bin/gnu/h-i686-mingw32/bin/../lib/gcc/nios2-elf/4.1.2/../../../../nios2-elf/lib/mno-hw-mul\libsmallc.a(lib_a-memcmp.o)
 .debug_aranges
                0x00000368       0x20 c:/altera/13.0/nios2eds/bin/gnu/h-i686-mingw32/bin/../lib/gcc/nios2-elf/4.1.2/../../../../nios2-elf/lib/mno-hw-mul\libsmallc.a(lib_a-__call_atexit.o)
 .debug_aranges
                0x00000388       0x20 c:/altera/13.0/nios2eds/bin/gnu/h-i686-mingw32/bin/../lib/gcc/nios2-elf/4.1.2/mno-hw-mul\libgcc.a(lib2-mul.o)
 .debug_aranges
                0x000003a8       0x20 C:/PSE/fourth_pse_actvt/software/SoC1_workspace/SoC1_bsp/\libhal_bsp.a(alt_exit.o)

.debug_pubnames
                0x00000000      0x52e
 *(.debug_pubnames)
 .debug_pubnames
                0x00000000       0x1b obj/default/hello_world.o
 .debug_pubnames
                0x0000001b       0x27 c:/altera/13.0/nios2eds/bin/gnu/h-i686-mingw32/bin/../lib/gcc/nios2-elf/4.1.2/../../../../nios2-elf/lib/mno-hw-mul\libsmallc.a(lib_a-puts.o)
 .debug_pubnames
                0x00000042       0x1d c:/altera/13.0/nios2eds/bin/gnu/h-i686-mingw32/bin/../lib/gcc/nios2-elf/4.1.2/../../../../nios2-elf/lib/mno-hw-mul\libsmallc.a(lib_a-strlen.o)
 .debug_pubnames
                0x0000005f       0x2b c:/altera/13.0/nios2eds/bin/gnu/h-i686-mingw32/bin/../lib/gcc/nios2-elf/4.1.2/../../../../nios2-elf/lib/mno-hw-mul\libsmallc.a(lib_a-fvwrite_small_dev.o)
 .debug_pubnames
                0x0000008a       0x39 c:/altera/13.0/nios2eds/bin/gnu/h-i686-mingw32/bin/../lib/gcc/nios2-elf/4.1.2/../../../../nios2-elf/lib/mno-hw-mul\libsmallc.a(lib_a-impure.o)
 .debug_pubnames
                0x000000c3       0x1f c:/altera/13.0/nios2eds/bin/gnu/h-i686-mingw32/bin/../lib/gcc/nios2-elf/4.1.2/../../../../nios2-elf/lib/mno-hw-mul\libsmallc.a(lib_a-writer.o)
 .debug_pubnames
                0x000000e2       0x1c c:/altera/13.0/nios2eds/bin/gnu/h-i686-mingw32/bin/../lib/gcc/nios2-elf/4.1.2/../../../../nios2-elf/lib/mno-hw-mul\libsmallc.a(lib_a-int_errno.o)
 .debug_pubnames
                0x000000fe       0x1f C:/PSE/fourth_pse_actvt/software/SoC1_workspace/SoC1_bsp/\libhal_bsp.a(alt_load.o)
 .debug_pubnames
                0x0000011d       0x46 C:/PSE/fourth_pse_actvt/software/SoC1_workspace/SoC1_bsp/\libhal_bsp.a(alt_main.o)
 .debug_pubnames
                0x00000163       0x1c C:/PSE/fourth_pse_actvt/software/SoC1_workspace/SoC1_bsp/\libhal_bsp.a(alt_write.o)
 .debug_pubnames
                0x0000017f       0x34 C:/PSE/fourth_pse_actvt/software/SoC1_workspace/SoC1_bsp/\libhal_bsp.a(alt_sys_init.o)
 .debug_pubnames
                0x000001b3       0x5b C:/PSE/fourth_pse_actvt/software/SoC1_workspace/SoC1_bsp/\libhal_bsp.a(altera_avalon_jtag_uart_fd.o)
 .debug_pubnames
                0x0000020e       0x33 C:/PSE/fourth_pse_actvt/software/SoC1_workspace/SoC1_bsp/\libhal_bsp.a(altera_avalon_jtag_uart_read.o)
 .debug_pubnames
                0x00000241       0x34 C:/PSE/fourth_pse_actvt/software/SoC1_workspace/SoC1_bsp/\libhal_bsp.a(altera_avalon_jtag_uart_write.o)
 .debug_pubnames
                0x00000275       0x1c C:/PSE/fourth_pse_actvt/software/SoC1_workspace/SoC1_bsp/\libhal_bsp.a(alt_close.o)
 .debug_pubnames
                0x00000291       0x2b C:/PSE/fourth_pse_actvt/software/SoC1_workspace/SoC1_bsp/\libhal_bsp.a(alt_dcache_flush_all.o)
 .debug_pubnames
                0x000002bc       0x63 C:/PSE/fourth_pse_actvt/software/SoC1_workspace/SoC1_bsp/\libhal_bsp.a(alt_dev.o)
 .debug_pubnames
                0x0000031f       0x2b C:/PSE/fourth_pse_actvt/software/SoC1_workspace/SoC1_bsp/\libhal_bsp.a(alt_dev_llist_insert.o)
 .debug_pubnames
                0x0000034a       0x20 C:/PSE/fourth_pse_actvt/software/SoC1_workspace/SoC1_bsp/\libhal_bsp.a(alt_errno.o)
 .debug_pubnames
                0x0000036a       0x2b C:/PSE/fourth_pse_actvt/software/SoC1_workspace/SoC1_bsp/\libhal_bsp.a(alt_icache_flush_all.o)
 .debug_pubnames
                0x00000395       0x26 C:/PSE/fourth_pse_actvt/software/SoC1_workspace/SoC1_bsp/\libhal_bsp.a(alt_io_redirect.o)
 .debug_pubnames
                0x000003bb       0x1b C:/PSE/fourth_pse_actvt/software/SoC1_workspace/SoC1_bsp/\libhal_bsp.a(alt_open.o)
 .debug_pubnames
                0x000003d6       0x25 C:/PSE/fourth_pse_actvt/software/SoC1_workspace/SoC1_bsp/\libhal_bsp.a(alt_release_fd.o)
 .debug_pubnames
                0x000003fb       0x31 C:/PSE/fourth_pse_actvt/software/SoC1_workspace/SoC1_bsp/\libhal_bsp.a(altera_nios2_qsys_irq.o)
 .debug_pubnames
                0x0000042c       0x23 C:/PSE/fourth_pse_actvt/software/SoC1_workspace/SoC1_bsp/\libhal_bsp.a(alt_find_dev.o)
 .debug_pubnames
                0x0000044f       0x24 C:/PSE/fourth_pse_actvt/software/SoC1_workspace/SoC1_bsp/\libhal_bsp.a(alt_find_file.o)
 .debug_pubnames
                0x00000473       0x21 C:/PSE/fourth_pse_actvt/software/SoC1_workspace/SoC1_bsp/\libhal_bsp.a(alt_get_fd.o)
 .debug_pubnames
                0x00000494       0x1b c:/altera/13.0/nios2eds/bin/gnu/h-i686-mingw32/bin/../lib/gcc/nios2-elf/4.1.2/../../../../nios2-elf/lib/mno-hw-mul\libsmallc.a(lib_a-exit.o)
 .debug_pubnames
                0x000004af       0x1d c:/altera/13.0/nios2eds/bin/gnu/h-i686-mingw32/bin/../lib/gcc/nios2-elf/4.1.2/../../../../nios2-elf/lib/mno-hw-mul\libsmallc.a(lib_a-memcmp.o)
 .debug_pubnames
                0x000004cc       0x27 c:/altera/13.0/nios2eds/bin/gnu/h-i686-mingw32/bin/../lib/gcc/nios2-elf/4.1.2/../../../../nios2-elf/lib/mno-hw-mul\libsmallc.a(lib_a-__call_atexit.o)
 .debug_pubnames
                0x000004f3       0x1f c:/altera/13.0/nios2eds/bin/gnu/h-i686-mingw32/bin/../lib/gcc/nios2-elf/4.1.2/mno-hw-mul\libgcc.a(lib2-mul.o)
 .debug_pubnames
                0x00000512       0x1c C:/PSE/fourth_pse_actvt/software/SoC1_workspace/SoC1_bsp/\libhal_bsp.a(alt_exit.o)

.debug_info     0x00000000     0x71f2
 *(.debug_info .gnu.linkonce.wi.*)
 .debug_info    0x00000000       0x6a C:/PSE/fourth_pse_actvt/software/SoC1_workspace/SoC1_bsp//obj/HAL/src/crt0.o
 .debug_info    0x0000006a      0x129 obj/default/hello_world.o
 .debug_info    0x00000193      0x685 c:/altera/13.0/nios2eds/bin/gnu/h-i686-mingw32/bin/../lib/gcc/nios2-elf/4.1.2/../../../../nios2-elf/lib/mno-hw-mul\libsmallc.a(lib_a-puts.o)
 .debug_info    0x00000818       0xc2 c:/altera/13.0/nios2eds/bin/gnu/h-i686-mingw32/bin/../lib/gcc/nios2-elf/4.1.2/../../../../nios2-elf/lib/mno-hw-mul\libsmallc.a(lib_a-strlen.o)
 .debug_info    0x000008da      0x68e c:/altera/13.0/nios2eds/bin/gnu/h-i686-mingw32/bin/../lib/gcc/nios2-elf/4.1.2/../../../../nios2-elf/lib/mno-hw-mul\libsmallc.a(lib_a-fvwrite_small_dev.o)
 .debug_info    0x00000f68      0x636 c:/altera/13.0/nios2eds/bin/gnu/h-i686-mingw32/bin/../lib/gcc/nios2-elf/4.1.2/../../../../nios2-elf/lib/mno-hw-mul\libsmallc.a(lib_a-impure.o)
 .debug_info    0x0000159e      0x68c c:/altera/13.0/nios2eds/bin/gnu/h-i686-mingw32/bin/../lib/gcc/nios2-elf/4.1.2/../../../../nios2-elf/lib/mno-hw-mul\libsmallc.a(lib_a-writer.o)
 .debug_info    0x00001c2a       0x8c c:/altera/13.0/nios2eds/bin/gnu/h-i686-mingw32/bin/../lib/gcc/nios2-elf/4.1.2/../../../../nios2-elf/lib/mno-hw-mul\libsmallc.a(lib_a-int_errno.o)
 .debug_info    0x00001cb6      0x27c C:/PSE/fourth_pse_actvt/software/SoC1_workspace/SoC1_bsp/\libhal_bsp.a(alt_load.o)
 .debug_info    0x00001f32      0x214 C:/PSE/fourth_pse_actvt/software/SoC1_workspace/SoC1_bsp/\libhal_bsp.a(alt_main.o)
 .debug_info    0x00002146      0x682 C:/PSE/fourth_pse_actvt/software/SoC1_workspace/SoC1_bsp/\libhal_bsp.a(alt_write.o)
 .debug_info    0x000027c8      0x561 C:/PSE/fourth_pse_actvt/software/SoC1_workspace/SoC1_bsp/\libhal_bsp.a(alt_sys_init.o)
 .debug_info    0x00002d29      0x5a8 C:/PSE/fourth_pse_actvt/software/SoC1_workspace/SoC1_bsp/\libhal_bsp.a(altera_avalon_jtag_uart_fd.o)
 .debug_info    0x000032d1      0x2f8 C:/PSE/fourth_pse_actvt/software/SoC1_workspace/SoC1_bsp/\libhal_bsp.a(altera_avalon_jtag_uart_read.o)
 .debug_info    0x000035c9      0x2d5 C:/PSE/fourth_pse_actvt/software/SoC1_workspace/SoC1_bsp/\libhal_bsp.a(altera_avalon_jtag_uart_write.o)
 .debug_info    0x0000389e      0x456 C:/PSE/fourth_pse_actvt/software/SoC1_workspace/SoC1_bsp/\libhal_bsp.a(alt_close.o)
 .debug_info    0x00003cf4      0x14b C:/PSE/fourth_pse_actvt/software/SoC1_workspace/SoC1_bsp/\libhal_bsp.a(alt_dcache_flush_all.o)
 .debug_info    0x00003e3f      0x66e C:/PSE/fourth_pse_actvt/software/SoC1_workspace/SoC1_bsp/\libhal_bsp.a(alt_dev.o)
 .debug_info    0x000044ad      0x2a6 C:/PSE/fourth_pse_actvt/software/SoC1_workspace/SoC1_bsp/\libhal_bsp.a(alt_dev_llist_insert.o)
 .debug_info    0x00004753      0x153 C:/PSE/fourth_pse_actvt/software/SoC1_workspace/SoC1_bsp/\libhal_bsp.a(alt_errno.o)
 .debug_info    0x000048a6      0x14b C:/PSE/fourth_pse_actvt/software/SoC1_workspace/SoC1_bsp/\libhal_bsp.a(alt_icache_flush_all.o)
 .debug_info    0x000049f1      0x684 C:/PSE/fourth_pse_actvt/software/SoC1_workspace/SoC1_bsp/\libhal_bsp.a(alt_io_redirect.o)
 .debug_info    0x00005075      0x514 C:/PSE/fourth_pse_actvt/software/SoC1_workspace/SoC1_bsp/\libhal_bsp.a(alt_open.o)
 .debug_info    0x00005589      0x3e1 C:/PSE/fourth_pse_actvt/software/SoC1_workspace/SoC1_bsp/\libhal_bsp.a(alt_release_fd.o)
 .debug_info    0x0000596a      0x152 C:/PSE/fourth_pse_actvt/software/SoC1_workspace/SoC1_bsp/\libhal_bsp.a(altera_nios2_qsys_irq.o)
 .debug_info    0x00005abc      0x407 C:/PSE/fourth_pse_actvt/software/SoC1_workspace/SoC1_bsp/\libhal_bsp.a(alt_find_dev.o)
 .debug_info    0x00005ec3      0x40e C:/PSE/fourth_pse_actvt/software/SoC1_workspace/SoC1_bsp/\libhal_bsp.a(alt_find_file.o)
 .debug_info    0x000062d1      0x44f C:/PSE/fourth_pse_actvt/software/SoC1_workspace/SoC1_bsp/\libhal_bsp.a(alt_get_fd.o)
 .debug_info    0x00006720       0x9f c:/altera/13.0/nios2eds/bin/gnu/h-i686-mingw32/bin/../lib/gcc/nios2-elf/4.1.2/../../../../nios2-elf/lib/mno-hw-mul\libsmallc.a(lib_a-exit.o)
 .debug_info    0x000067bf       0xef c:/altera/13.0/nios2eds/bin/gnu/h-i686-mingw32/bin/../lib/gcc/nios2-elf/4.1.2/../../../../nios2-elf/lib/mno-hw-mul\libsmallc.a(lib_a-memcmp.o)
 .debug_info    0x000068ae      0x6d5 c:/altera/13.0/nios2eds/bin/gnu/h-i686-mingw32/bin/../lib/gcc/nios2-elf/4.1.2/../../../../nios2-elf/lib/mno-hw-mul\libsmallc.a(lib_a-__call_atexit.o)
 .debug_info    0x00006f83       0xf3 c:/altera/13.0/nios2eds/bin/gnu/h-i686-mingw32/bin/../lib/gcc/nios2-elf/4.1.2/mno-hw-mul\libgcc.a(lib2-mul.o)
 .debug_info    0x00007076      0x17c C:/PSE/fourth_pse_actvt/software/SoC1_workspace/SoC1_bsp/\libhal_bsp.a(alt_exit.o)

.debug_abbrev   0x00000000     0x18eb
 *(.debug_abbrev)
 .debug_abbrev  0x00000000       0x12 C:/PSE/fourth_pse_actvt/software/SoC1_workspace/SoC1_bsp//obj/HAL/src/crt0.o
 .debug_abbrev  0x00000012       0x3f obj/default/hello_world.o
 .debug_abbrev  0x00000051      0x180 c:/altera/13.0/nios2eds/bin/gnu/h-i686-mingw32/bin/../lib/gcc/nios2-elf/4.1.2/../../../../nios2-elf/lib/mno-hw-mul\libsmallc.a(lib_a-puts.o)
 .debug_abbrev  0x000001d1       0x7a c:/altera/13.0/nios2eds/bin/gnu/h-i686-mingw32/bin/../lib/gcc/nios2-elf/4.1.2/../../../../nios2-elf/lib/mno-hw-mul\libsmallc.a(lib_a-strlen.o)
 .debug_abbrev  0x0000024b      0x179 c:/altera/13.0/nios2eds/bin/gnu/h-i686-mingw32/bin/../lib/gcc/nios2-elf/4.1.2/../../../../nios2-elf/lib/mno-hw-mul\libsmallc.a(lib_a-fvwrite_small_dev.o)
 .debug_abbrev  0x000003c4      0x13f c:/altera/13.0/nios2eds/bin/gnu/h-i686-mingw32/bin/../lib/gcc/nios2-elf/4.1.2/../../../../nios2-elf/lib/mno-hw-mul\libsmallc.a(lib_a-impure.o)
 .debug_abbrev  0x00000503      0x16c c:/altera/13.0/nios2eds/bin/gnu/h-i686-mingw32/bin/../lib/gcc/nios2-elf/4.1.2/../../../../nios2-elf/lib/mno-hw-mul\libsmallc.a(lib_a-writer.o)
 .debug_abbrev  0x0000066f       0x3b c:/altera/13.0/nios2eds/bin/gnu/h-i686-mingw32/bin/../lib/gcc/nios2-elf/4.1.2/../../../../nios2-elf/lib/mno-hw-mul\libsmallc.a(lib_a-int_errno.o)
 .debug_abbrev  0x000006aa       0x88 C:/PSE/fourth_pse_actvt/software/SoC1_workspace/SoC1_bsp/\libhal_bsp.a(alt_load.o)
 .debug_abbrev  0x00000732       0xb7 C:/PSE/fourth_pse_actvt/software/SoC1_workspace/SoC1_bsp/\libhal_bsp.a(alt_main.o)
 .debug_abbrev  0x000007e9      0x100 C:/PSE/fourth_pse_actvt/software/SoC1_workspace/SoC1_bsp/\libhal_bsp.a(alt_write.o)
 .debug_abbrev  0x000008e9      0x121 C:/PSE/fourth_pse_actvt/software/SoC1_workspace/SoC1_bsp/\libhal_bsp.a(alt_sys_init.o)
 .debug_abbrev  0x00000a0a       0xcb C:/PSE/fourth_pse_actvt/software/SoC1_workspace/SoC1_bsp/\libhal_bsp.a(altera_avalon_jtag_uart_fd.o)
 .debug_abbrev  0x00000ad5       0xb6 C:/PSE/fourth_pse_actvt/software/SoC1_workspace/SoC1_bsp/\libhal_bsp.a(altera_avalon_jtag_uart_read.o)
 .debug_abbrev  0x00000b8b       0xb4 C:/PSE/fourth_pse_actvt/software/SoC1_workspace/SoC1_bsp/\libhal_bsp.a(altera_avalon_jtag_uart_write.o)
 .debug_abbrev  0x00000c3f       0xfb C:/PSE/fourth_pse_actvt/software/SoC1_workspace/SoC1_bsp/\libhal_bsp.a(alt_close.o)
 .debug_abbrev  0x00000d3a       0x3f C:/PSE/fourth_pse_actvt/software/SoC1_workspace/SoC1_bsp/\libhal_bsp.a(alt_dcache_flush_all.o)
 .debug_abbrev  0x00000d79       0xc7 C:/PSE/fourth_pse_actvt/software/SoC1_workspace/SoC1_bsp/\libhal_bsp.a(alt_dev.o)
 .debug_abbrev  0x00000e40       0xf6 C:/PSE/fourth_pse_actvt/software/SoC1_workspace/SoC1_bsp/\libhal_bsp.a(alt_dev_llist_insert.o)
 .debug_abbrev  0x00000f36       0x5e C:/PSE/fourth_pse_actvt/software/SoC1_workspace/SoC1_bsp/\libhal_bsp.a(alt_errno.o)
 .debug_abbrev  0x00000f94       0x3f C:/PSE/fourth_pse_actvt/software/SoC1_workspace/SoC1_bsp/\libhal_bsp.a(alt_icache_flush_all.o)
 .debug_abbrev  0x00000fd3       0xf0 C:/PSE/fourth_pse_actvt/software/SoC1_workspace/SoC1_bsp/\libhal_bsp.a(alt_io_redirect.o)
 .debug_abbrev  0x000010c3      0x112 C:/PSE/fourth_pse_actvt/software/SoC1_workspace/SoC1_bsp/\libhal_bsp.a(alt_open.o)
 .debug_abbrev  0x000011d5       0xc1 C:/PSE/fourth_pse_actvt/software/SoC1_workspace/SoC1_bsp/\libhal_bsp.a(alt_release_fd.o)
 .debug_abbrev  0x00001296       0x3f C:/PSE/fourth_pse_actvt/software/SoC1_workspace/SoC1_bsp/\libhal_bsp.a(altera_nios2_qsys_irq.o)
 .debug_abbrev  0x000012d5       0xcf C:/PSE/fourth_pse_actvt/software/SoC1_workspace/SoC1_bsp/\libhal_bsp.a(alt_find_dev.o)
 .debug_abbrev  0x000013a4       0xcf C:/PSE/fourth_pse_actvt/software/SoC1_workspace/SoC1_bsp/\libhal_bsp.a(alt_find_file.o)
 .debug_abbrev  0x00001473       0xfb C:/PSE/fourth_pse_actvt/software/SoC1_workspace/SoC1_bsp/\libhal_bsp.a(alt_get_fd.o)
 .debug_abbrev  0x0000156e       0x4e c:/altera/13.0/nios2eds/bin/gnu/h-i686-mingw32/bin/../lib/gcc/nios2-elf/4.1.2/../../../../nios2-elf/lib/mno-hw-mul\libsmallc.a(lib_a-exit.o)
 .debug_abbrev  0x000015bc       0x7c c:/altera/13.0/nios2eds/bin/gnu/h-i686-mingw32/bin/../lib/gcc/nios2-elf/4.1.2/../../../../nios2-elf/lib/mno-hw-mul\libsmallc.a(lib_a-memcmp.o)
 .debug_abbrev  0x00001638      0x1c6 c:/altera/13.0/nios2eds/bin/gnu/h-i686-mingw32/bin/../lib/gcc/nios2-elf/4.1.2/../../../../nios2-elf/lib/mno-hw-mul\libsmallc.a(lib_a-__call_atexit.o)
 .debug_abbrev  0x000017fe       0x7b c:/altera/13.0/nios2eds/bin/gnu/h-i686-mingw32/bin/../lib/gcc/nios2-elf/4.1.2/mno-hw-mul\libgcc.a(lib2-mul.o)
 .debug_abbrev  0x00001879       0x72 C:/PSE/fourth_pse_actvt/software/SoC1_workspace/SoC1_bsp/\libhal_bsp.a(alt_exit.o)

.debug_line     0x00000000     0x4a26
 *(.debug_line)
 .debug_line    0x00000000       0x66 C:/PSE/fourth_pse_actvt/software/SoC1_workspace/SoC1_bsp//obj/HAL/src/crt0.o
 .debug_line    0x00000066      0x25d obj/default/hello_world.o
 .debug_line    0x000002c3      0x2ac c:/altera/13.0/nios2eds/bin/gnu/h-i686-mingw32/bin/../lib/gcc/nios2-elf/4.1.2/../../../../nios2-elf/lib/mno-hw-mul\libsmallc.a(lib_a-puts.o)
 .debug_line    0x0000056f      0x247 c:/altera/13.0/nios2eds/bin/gnu/h-i686-mingw32/bin/../lib/gcc/nios2-elf/4.1.2/../../../../nios2-elf/lib/mno-hw-mul\libsmallc.a(lib_a-strlen.o)
 .debug_line    0x000007b6      0x2a3 c:/altera/13.0/nios2eds/bin/gnu/h-i686-mingw32/bin/../lib/gcc/nios2-elf/4.1.2/../../../../nios2-elf/lib/mno-hw-mul\libsmallc.a(lib_a-fvwrite_small_dev.o)
 .debug_line    0x00000a59      0x227 c:/altera/13.0/nios2eds/bin/gnu/h-i686-mingw32/bin/../lib/gcc/nios2-elf/4.1.2/../../../../nios2-elf/lib/mno-hw-mul\libsmallc.a(lib_a-impure.o)
 .debug_line    0x00000c80      0x294 c:/altera/13.0/nios2eds/bin/gnu/h-i686-mingw32/bin/../lib/gcc/nios2-elf/4.1.2/../../../../nios2-elf/lib/mno-hw-mul\libsmallc.a(lib_a-writer.o)
 .debug_line    0x00000f14      0x1dc c:/altera/13.0/nios2eds/bin/gnu/h-i686-mingw32/bin/../lib/gcc/nios2-elf/4.1.2/../../../../nios2-elf/lib/mno-hw-mul\libsmallc.a(lib_a-int_errno.o)
 .debug_line    0x000010f0      0x211 C:/PSE/fourth_pse_actvt/software/SoC1_workspace/SoC1_bsp/\libhal_bsp.a(alt_load.o)
 .debug_line    0x00001301      0x2b4 C:/PSE/fourth_pse_actvt/software/SoC1_workspace/SoC1_bsp/\libhal_bsp.a(alt_main.o)
 .debug_line    0x000015b5      0x2c3 C:/PSE/fourth_pse_actvt/software/SoC1_workspace/SoC1_bsp/\libhal_bsp.a(alt_write.o)
 .debug_line    0x00001878      0x2a8 C:/PSE/fourth_pse_actvt/software/SoC1_workspace/SoC1_bsp/\libhal_bsp.a(alt_sys_init.o)
 .debug_line    0x00001b20      0x1d4 C:/PSE/fourth_pse_actvt/software/SoC1_workspace/SoC1_bsp/\libhal_bsp.a(altera_avalon_jtag_uart_fd.o)
 .debug_line    0x00001cf4      0x33d C:/PSE/fourth_pse_actvt/software/SoC1_workspace/SoC1_bsp/\libhal_bsp.a(altera_avalon_jtag_uart_read.o)
 .debug_line    0x00002031      0x2fe C:/PSE/fourth_pse_actvt/software/SoC1_workspace/SoC1_bsp/\libhal_bsp.a(altera_avalon_jtag_uart_write.o)
 .debug_line    0x0000232f      0x293 C:/PSE/fourth_pse_actvt/software/SoC1_workspace/SoC1_bsp/\libhal_bsp.a(alt_close.o)
 .debug_line    0x000025c2      0x1af C:/PSE/fourth_pse_actvt/software/SoC1_workspace/SoC1_bsp/\libhal_bsp.a(alt_dcache_flush_all.o)
 .debug_line    0x00002771      0x24e C:/PSE/fourth_pse_actvt/software/SoC1_workspace/SoC1_bsp/\libhal_bsp.a(alt_dev.o)
 .debug_line    0x000029bf      0x254 C:/PSE/fourth_pse_actvt/software/SoC1_workspace/SoC1_bsp/\libhal_bsp.a(alt_dev_llist_insert.o)
 .debug_line    0x00002c13      0x1a4 C:/PSE/fourth_pse_actvt/software/SoC1_workspace/SoC1_bsp/\libhal_bsp.a(alt_errno.o)
 .debug_line    0x00002db7      0x1af C:/PSE/fourth_pse_actvt/software/SoC1_workspace/SoC1_bsp/\libhal_bsp.a(alt_icache_flush_all.o)
 .debug_line    0x00002f66      0x2ae C:/PSE/fourth_pse_actvt/software/SoC1_workspace/SoC1_bsp/\libhal_bsp.a(alt_io_redirect.o)
 .debug_line    0x00003214      0x2f9 C:/PSE/fourth_pse_actvt/software/SoC1_workspace/SoC1_bsp/\libhal_bsp.a(alt_open.o)
 .debug_line    0x0000350d       0xed C:/PSE/fourth_pse_actvt/software/SoC1_workspace/SoC1_bsp/\libhal_bsp.a(alt_release_fd.o)
 .debug_line    0x000035fa      0x1c8 C:/PSE/fourth_pse_actvt/software/SoC1_workspace/SoC1_bsp/\libhal_bsp.a(altera_nios2_qsys_irq.o)
 .debug_line    0x000037c2      0x265 C:/PSE/fourth_pse_actvt/software/SoC1_workspace/SoC1_bsp/\libhal_bsp.a(alt_find_dev.o)
 .debug_line    0x00003a27      0x276 C:/PSE/fourth_pse_actvt/software/SoC1_workspace/SoC1_bsp/\libhal_bsp.a(alt_find_file.o)
 .debug_line    0x00003c9d      0x291 C:/PSE/fourth_pse_actvt/software/SoC1_workspace/SoC1_bsp/\libhal_bsp.a(alt_get_fd.o)
 .debug_line    0x00003f2e      0x21d c:/altera/13.0/nios2eds/bin/gnu/h-i686-mingw32/bin/../lib/gcc/nios2-elf/4.1.2/../../../../nios2-elf/lib/mno-hw-mul\libsmallc.a(lib_a-exit.o)
 .debug_line    0x0000414b      0x267 c:/altera/13.0/nios2eds/bin/gnu/h-i686-mingw32/bin/../lib/gcc/nios2-elf/4.1.2/../../../../nios2-elf/lib/mno-hw-mul\libsmallc.a(lib_a-memcmp.o)
 .debug_line    0x000043b2      0x35a c:/altera/13.0/nios2eds/bin/gnu/h-i686-mingw32/bin/../lib/gcc/nios2-elf/4.1.2/../../../../nios2-elf/lib/mno-hw-mul\libsmallc.a(lib_a-__call_atexit.o)
 .debug_line    0x0000470c      0x11a c:/altera/13.0/nios2eds/bin/gnu/h-i686-mingw32/bin/../lib/gcc/nios2-elf/4.1.2/mno-hw-mul\libgcc.a(lib2-mul.o)
 .debug_line    0x00004826      0x200 C:/PSE/fourth_pse_actvt/software/SoC1_workspace/SoC1_bsp/\libhal_bsp.a(alt_exit.o)

.debug_frame    0x00000000      0x650
 *(.debug_frame)
 .debug_frame   0x00000000       0x2c obj/default/hello_world.o
 .debug_frame   0x0000002c       0x3c c:/altera/13.0/nios2eds/bin/gnu/h-i686-mingw32/bin/../lib/gcc/nios2-elf/4.1.2/../../../../nios2-elf/lib/mno-hw-mul\libsmallc.a(lib_a-puts.o)
 .debug_frame   0x00000068       0x20 c:/altera/13.0/nios2eds/bin/gnu/h-i686-mingw32/bin/../lib/gcc/nios2-elf/4.1.2/../../../../nios2-elf/lib/mno-hw-mul\libsmallc.a(lib_a-strlen.o)
 .debug_frame   0x00000088       0x30 c:/altera/13.0/nios2eds/bin/gnu/h-i686-mingw32/bin/../lib/gcc/nios2-elf/4.1.2/../../../../nios2-elf/lib/mno-hw-mul\libsmallc.a(lib_a-fvwrite_small_dev.o)
 .debug_frame   0x000000b8       0x2c c:/altera/13.0/nios2eds/bin/gnu/h-i686-mingw32/bin/../lib/gcc/nios2-elf/4.1.2/../../../../nios2-elf/lib/mno-hw-mul\libsmallc.a(lib_a-writer.o)
 .debug_frame   0x000000e4       0x48 C:/PSE/fourth_pse_actvt/software/SoC1_workspace/SoC1_bsp/\libhal_bsp.a(alt_load.o)
 .debug_frame   0x0000012c       0x2c C:/PSE/fourth_pse_actvt/software/SoC1_workspace/SoC1_bsp/\libhal_bsp.a(alt_main.o)
 .debug_frame   0x00000158       0x48 C:/PSE/fourth_pse_actvt/software/SoC1_workspace/SoC1_bsp/\libhal_bsp.a(alt_write.o)
 .debug_frame   0x000001a0       0x64 C:/PSE/fourth_pse_actvt/software/SoC1_workspace/SoC1_bsp/\libhal_bsp.a(alt_sys_init.o)
 .debug_frame   0x00000204       0x48 C:/PSE/fourth_pse_actvt/software/SoC1_workspace/SoC1_bsp/\libhal_bsp.a(altera_avalon_jtag_uart_fd.o)
 .debug_frame   0x0000024c       0x2c C:/PSE/fourth_pse_actvt/software/SoC1_workspace/SoC1_bsp/\libhal_bsp.a(altera_avalon_jtag_uart_read.o)
 .debug_frame   0x00000278       0x2c C:/PSE/fourth_pse_actvt/software/SoC1_workspace/SoC1_bsp/\libhal_bsp.a(altera_avalon_jtag_uart_write.o)
 .debug_frame   0x000002a4       0x48 C:/PSE/fourth_pse_actvt/software/SoC1_workspace/SoC1_bsp/\libhal_bsp.a(alt_close.o)
 .debug_frame   0x000002ec       0x2c C:/PSE/fourth_pse_actvt/software/SoC1_workspace/SoC1_bsp/\libhal_bsp.a(alt_dcache_flush_all.o)
 .debug_frame   0x00000318       0x2c C:/PSE/fourth_pse_actvt/software/SoC1_workspace/SoC1_bsp/\libhal_bsp.a(alt_dev.o)
 .debug_frame   0x00000344       0x48 C:/PSE/fourth_pse_actvt/software/SoC1_workspace/SoC1_bsp/\libhal_bsp.a(alt_dev_llist_insert.o)
 .debug_frame   0x0000038c       0x2c C:/PSE/fourth_pse_actvt/software/SoC1_workspace/SoC1_bsp/\libhal_bsp.a(alt_icache_flush_all.o)
 .debug_frame   0x000003b8       0x4c C:/PSE/fourth_pse_actvt/software/SoC1_workspace/SoC1_bsp/\libhal_bsp.a(alt_io_redirect.o)
 .debug_frame   0x00000404       0x68 C:/PSE/fourth_pse_actvt/software/SoC1_workspace/SoC1_bsp/\libhal_bsp.a(alt_open.o)
 .debug_frame   0x0000046c       0x30 C:/PSE/fourth_pse_actvt/software/SoC1_workspace/SoC1_bsp/\libhal_bsp.a(alt_release_fd.o)
 .debug_frame   0x0000049c       0x2c C:/PSE/fourth_pse_actvt/software/SoC1_workspace/SoC1_bsp/\libhal_bsp.a(altera_nios2_qsys_irq.o)
 .debug_frame   0x000004c8       0x2c C:/PSE/fourth_pse_actvt/software/SoC1_workspace/SoC1_bsp/\libhal_bsp.a(alt_find_dev.o)
 .debug_frame   0x000004f4       0x2c C:/PSE/fourth_pse_actvt/software/SoC1_workspace/SoC1_bsp/\libhal_bsp.a(alt_find_file.o)
 .debug_frame   0x00000520       0x30 C:/PSE/fourth_pse_actvt/software/SoC1_workspace/SoC1_bsp/\libhal_bsp.a(alt_get_fd.o)
 .debug_frame   0x00000550       0x2c c:/altera/13.0/nios2eds/bin/gnu/h-i686-mingw32/bin/../lib/gcc/nios2-elf/4.1.2/../../../../nios2-elf/lib/mno-hw-mul\libsmallc.a(lib_a-exit.o)
 .debug_frame   0x0000057c       0x20 c:/altera/13.0/nios2eds/bin/gnu/h-i686-mingw32/bin/../lib/gcc/nios2-elf/4.1.2/../../../../nios2-elf/lib/mno-hw-mul\libsmallc.a(lib_a-memcmp.o)
 .debug_frame   0x0000059c       0x4c c:/altera/13.0/nios2eds/bin/gnu/h-i686-mingw32/bin/../lib/gcc/nios2-elf/4.1.2/../../../../nios2-elf/lib/mno-hw-mul\libsmallc.a(lib_a-__call_atexit.o)
 .debug_frame   0x000005e8       0x20 c:/altera/13.0/nios2eds/bin/gnu/h-i686-mingw32/bin/../lib/gcc/nios2-elf/4.1.2/mno-hw-mul\libgcc.a(lib2-mul.o)
 .debug_frame   0x00000608       0x48 C:/PSE/fourth_pse_actvt/software/SoC1_workspace/SoC1_bsp/\libhal_bsp.a(alt_exit.o)

.debug_str      0x00000000      0xa9a
 *(.debug_str)
 .debug_str     0x00000000       0x12 obj/default/hello_world.o
 .debug_str     0x00000012      0x3ee c:/altera/13.0/nios2eds/bin/gnu/h-i686-mingw32/bin/../lib/gcc/nios2-elf/4.1.2/../../../../nios2-elf/lib/mno-hw-mul\libsmallc.a(lib_a-puts.o)
                                0x44d (size before relaxing)
 .debug_str     0x00000400       0xdf c:/altera/13.0/nios2eds/bin/gnu/h-i686-mingw32/bin/../lib/gcc/nios2-elf/4.1.2/../../../../nios2-elf/lib/mno-hw-mul\libsmallc.a(lib_a-strlen.o)
                                0x181 (size before relaxing)
 .debug_str     0x000004df       0x70 c:/altera/13.0/nios2eds/bin/gnu/h-i686-mingw32/bin/../lib/gcc/nios2-elf/4.1.2/../../../../nios2-elf/lib/mno-hw-mul\libsmallc.a(lib_a-fvwrite_small_dev.o)
                                0x467 (size before relaxing)
 .debug_str     0x0000054f       0xf5 c:/altera/13.0/nios2eds/bin/gnu/h-i686-mingw32/bin/../lib/gcc/nios2-elf/4.1.2/../../../../nios2-elf/lib/mno-hw-mul\libsmallc.a(lib_a-impure.o)
                                0x45a (size before relaxing)
 .debug_str     0x00000644       0x4f c:/altera/13.0/nios2eds/bin/gnu/h-i686-mingw32/bin/../lib/gcc/nios2-elf/4.1.2/../../../../nios2-elf/lib/mno-hw-mul\libsmallc.a(lib_a-writer.o)
                                0x44e (size before relaxing)
 .debug_str     0x00000693       0x40 c:/altera/13.0/nios2eds/bin/gnu/h-i686-mingw32/bin/../lib/gcc/nios2-elf/4.1.2/../../../../nios2-elf/lib/mno-hw-mul\libsmallc.a(lib_a-int_errno.o)
                                0x174 (size before relaxing)
 .debug_str     0x000006d3       0x12 C:/PSE/fourth_pse_actvt/software/SoC1_workspace/SoC1_bsp/\libhal_bsp.a(alt_load.o)
 .debug_str     0x000006e5       0x12 C:/PSE/fourth_pse_actvt/software/SoC1_workspace/SoC1_bsp/\libhal_bsp.a(alt_main.o)
 .debug_str     0x000006f7       0x12 C:/PSE/fourth_pse_actvt/software/SoC1_workspace/SoC1_bsp/\libhal_bsp.a(alt_write.o)
 .debug_str     0x00000709       0x12 C:/PSE/fourth_pse_actvt/software/SoC1_workspace/SoC1_bsp/\libhal_bsp.a(alt_sys_init.o)
 .debug_str     0x0000071b       0x12 C:/PSE/fourth_pse_actvt/software/SoC1_workspace/SoC1_bsp/\libhal_bsp.a(altera_avalon_jtag_uart_read.o)
 .debug_str     0x0000072d       0x12 C:/PSE/fourth_pse_actvt/software/SoC1_workspace/SoC1_bsp/\libhal_bsp.a(altera_avalon_jtag_uart_write.o)
 .debug_str     0x0000073f       0x12 C:/PSE/fourth_pse_actvt/software/SoC1_workspace/SoC1_bsp/\libhal_bsp.a(alt_close.o)
 .debug_str     0x00000751       0x12 C:/PSE/fourth_pse_actvt/software/SoC1_workspace/SoC1_bsp/\libhal_bsp.a(alt_dcache_flush_all.o)
 .debug_str     0x00000763       0x12 C:/PSE/fourth_pse_actvt/software/SoC1_workspace/SoC1_bsp/\libhal_bsp.a(alt_dev.o)
 .debug_str     0x00000775       0x12 C:/PSE/fourth_pse_actvt/software/SoC1_workspace/SoC1_bsp/\libhal_bsp.a(alt_dev_llist_insert.o)
 .debug_str     0x00000787       0x12 C:/PSE/fourth_pse_actvt/software/SoC1_workspace/SoC1_bsp/\libhal_bsp.a(alt_errno.o)
 .debug_str     0x00000799       0x12 C:/PSE/fourth_pse_actvt/software/SoC1_workspace/SoC1_bsp/\libhal_bsp.a(alt_icache_flush_all.o)
 .debug_str     0x000007ab       0x12 C:/PSE/fourth_pse_actvt/software/SoC1_workspace/SoC1_bsp/\libhal_bsp.a(alt_io_redirect.o)
 .debug_str     0x000007bd       0x12 C:/PSE/fourth_pse_actvt/software/SoC1_workspace/SoC1_bsp/\libhal_bsp.a(alt_open.o)
 .debug_str     0x000007cf       0x12 C:/PSE/fourth_pse_actvt/software/SoC1_workspace/SoC1_bsp/\libhal_bsp.a(altera_nios2_qsys_irq.o)
 .debug_str     0x000007e1       0x12 C:/PSE/fourth_pse_actvt/software/SoC1_workspace/SoC1_bsp/\libhal_bsp.a(alt_find_dev.o)
 .debug_str     0x000007f3       0x12 C:/PSE/fourth_pse_actvt/software/SoC1_workspace/SoC1_bsp/\libhal_bsp.a(alt_find_file.o)
 .debug_str     0x00000805       0x12 C:/PSE/fourth_pse_actvt/software/SoC1_workspace/SoC1_bsp/\libhal_bsp.a(alt_get_fd.o)
 .debug_str     0x00000817       0xdb c:/altera/13.0/nios2eds/bin/gnu/h-i686-mingw32/bin/../lib/gcc/nios2-elf/4.1.2/../../../../nios2-elf/lib/mno-hw-mul\libsmallc.a(lib_a-exit.o)
                                0x175 (size before relaxing)
 .debug_str     0x000008f2       0x45 c:/altera/13.0/nios2eds/bin/gnu/h-i686-mingw32/bin/../lib/gcc/nios2-elf/4.1.2/../../../../nios2-elf/lib/mno-hw-mul\libsmallc.a(lib_a-memcmp.o)
                                0x17b (size before relaxing)
 .debug_str     0x00000937       0x7e c:/altera/13.0/nios2eds/bin/gnu/h-i686-mingw32/bin/../lib/gcc/nios2-elf/4.1.2/../../../../nios2-elf/lib/mno-hw-mul\libsmallc.a(lib_a-__call_atexit.o)
                                0x48e (size before relaxing)
 .debug_str     0x000009b5       0xc9 c:/altera/13.0/nios2eds/bin/gnu/h-i686-mingw32/bin/../lib/gcc/nios2-elf/4.1.2/mno-hw-mul\libgcc.a(lib2-mul.o)
                                0x172 (size before relaxing)
 .debug_str     0x00000a7e       0x1c C:/PSE/fourth_pse_actvt/software/SoC1_workspace/SoC1_bsp/\libhal_bsp.a(alt_exit.o)

.debug_loc      0x00000000      0xad6
 *(.debug_loc)
 .debug_loc     0x00000000       0x2b obj/default/hello_world.o
 .debug_loc     0x0000002b       0xa2 c:/altera/13.0/nios2eds/bin/gnu/h-i686-mingw32/bin/../lib/gcc/nios2-elf/4.1.2/../../../../nios2-elf/lib/mno-hw-mul\libsmallc.a(lib_a-puts.o)
 .debug_loc     0x000000cd       0x1e c:/altera/13.0/nios2eds/bin/gnu/h-i686-mingw32/bin/../lib/gcc/nios2-elf/4.1.2/../../../../nios2-elf/lib/mno-hw-mul\libsmallc.a(lib_a-strlen.o)
 .debug_loc     0x000000eb      0x162 c:/altera/13.0/nios2eds/bin/gnu/h-i686-mingw32/bin/../lib/gcc/nios2-elf/4.1.2/../../../../nios2-elf/lib/mno-hw-mul\libsmallc.a(lib_a-fvwrite_small_dev.o)
 .debug_loc     0x0000024d       0x97 c:/altera/13.0/nios2eds/bin/gnu/h-i686-mingw32/bin/../lib/gcc/nios2-elf/4.1.2/../../../../nios2-elf/lib/mno-hw-mul\libsmallc.a(lib_a-writer.o)
 .debug_loc     0x000002e4       0x56 C:/PSE/fourth_pse_actvt/software/SoC1_workspace/SoC1_bsp/\libhal_bsp.a(alt_load.o)
 .debug_loc     0x0000033a       0x2b C:/PSE/fourth_pse_actvt/software/SoC1_workspace/SoC1_bsp/\libhal_bsp.a(alt_main.o)
 .debug_loc     0x00000365       0x56 C:/PSE/fourth_pse_actvt/software/SoC1_workspace/SoC1_bsp/\libhal_bsp.a(alt_write.o)
 .debug_loc     0x000003bb       0x81 C:/PSE/fourth_pse_actvt/software/SoC1_workspace/SoC1_bsp/\libhal_bsp.a(alt_sys_init.o)
 .debug_loc     0x0000043c       0x56 C:/PSE/fourth_pse_actvt/software/SoC1_workspace/SoC1_bsp/\libhal_bsp.a(altera_avalon_jtag_uart_fd.o)
 .debug_loc     0x00000492       0x2b C:/PSE/fourth_pse_actvt/software/SoC1_workspace/SoC1_bsp/\libhal_bsp.a(altera_avalon_jtag_uart_read.o)
 .debug_loc     0x000004bd       0x2b C:/PSE/fourth_pse_actvt/software/SoC1_workspace/SoC1_bsp/\libhal_bsp.a(altera_avalon_jtag_uart_write.o)
 .debug_loc     0x000004e8       0x56 C:/PSE/fourth_pse_actvt/software/SoC1_workspace/SoC1_bsp/\libhal_bsp.a(alt_close.o)
 .debug_loc     0x0000053e       0x2b C:/PSE/fourth_pse_actvt/software/SoC1_workspace/SoC1_bsp/\libhal_bsp.a(alt_dcache_flush_all.o)
 .debug_loc     0x00000569       0x2b C:/PSE/fourth_pse_actvt/software/SoC1_workspace/SoC1_bsp/\libhal_bsp.a(alt_dev.o)
 .debug_loc     0x00000594       0x56 C:/PSE/fourth_pse_actvt/software/SoC1_workspace/SoC1_bsp/\libhal_bsp.a(alt_dev_llist_insert.o)
 .debug_loc     0x000005ea       0x2b C:/PSE/fourth_pse_actvt/software/SoC1_workspace/SoC1_bsp/\libhal_bsp.a(alt_icache_flush_all.o)
 .debug_loc     0x00000615       0x56 C:/PSE/fourth_pse_actvt/software/SoC1_workspace/SoC1_bsp/\libhal_bsp.a(alt_io_redirect.o)
 .debug_loc     0x0000066b       0x81 C:/PSE/fourth_pse_actvt/software/SoC1_workspace/SoC1_bsp/\libhal_bsp.a(alt_open.o)
 .debug_loc     0x000006ec       0x2b C:/PSE/fourth_pse_actvt/software/SoC1_workspace/SoC1_bsp/\libhal_bsp.a(alt_release_fd.o)
 .debug_loc     0x00000717       0x2b C:/PSE/fourth_pse_actvt/software/SoC1_workspace/SoC1_bsp/\libhal_bsp.a(altera_nios2_qsys_irq.o)
 .debug_loc     0x00000742       0x2b C:/PSE/fourth_pse_actvt/software/SoC1_workspace/SoC1_bsp/\libhal_bsp.a(alt_find_dev.o)
 .debug_loc     0x0000076d       0x2b C:/PSE/fourth_pse_actvt/software/SoC1_workspace/SoC1_bsp/\libhal_bsp.a(alt_find_file.o)
 .debug_loc     0x00000798       0x2b C:/PSE/fourth_pse_actvt/software/SoC1_workspace/SoC1_bsp/\libhal_bsp.a(alt_get_fd.o)
 .debug_loc     0x000007c3       0x3d c:/altera/13.0/nios2eds/bin/gnu/h-i686-mingw32/bin/../lib/gcc/nios2-elf/4.1.2/../../../../nios2-elf/lib/mno-hw-mul\libsmallc.a(lib_a-exit.o)
 .debug_loc     0x00000800       0x70 c:/altera/13.0/nios2eds/bin/gnu/h-i686-mingw32/bin/../lib/gcc/nios2-elf/4.1.2/../../../../nios2-elf/lib/mno-hw-mul\libsmallc.a(lib_a-memcmp.o)
 .debug_loc     0x00000870      0x1c1 c:/altera/13.0/nios2eds/bin/gnu/h-i686-mingw32/bin/../lib/gcc/nios2-elf/4.1.2/../../../../nios2-elf/lib/mno-hw-mul\libsmallc.a(lib_a-__call_atexit.o)
 .debug_loc     0x00000a31       0x4f c:/altera/13.0/nios2eds/bin/gnu/h-i686-mingw32/bin/../lib/gcc/nios2-elf/4.1.2/mno-hw-mul\libgcc.a(lib2-mul.o)
 .debug_loc     0x00000a80       0x56 C:/PSE/fourth_pse_actvt/software/SoC1_workspace/SoC1_bsp/\libhal_bsp.a(alt_exit.o)

.debug_macinfo
 *(.debug_macinfo)

.debug_weaknames
 *(.debug_weaknames)

.debug_funcnames
 *(.debug_funcnames)

.debug_typenames
 *(.debug_typenames)

.debug_varnames
 *(.debug_varnames)

.debug_alt_sim_info
                0x00000000       0x10
 *(.debug_alt_sim_info)
 .debug_alt_sim_info
                0x00000000       0x10 C:/PSE/fourth_pse_actvt/software/SoC1_workspace/SoC1_bsp//obj/HAL/src/crt0.o
                0x0000d000                __alt_data_end = 0xd000
                0x0000d000                PROVIDE (__alt_stack_pointer, __alt_data_end)
                0x00009cf0                PROVIDE (__alt_stack_limit, __alt_stack_base)
                0x00009cf0                PROVIDE (__alt_heap_start, end)
                0x0000d000                PROVIDE (__alt_heap_limit, 0xd000)
OUTPUT(SoC1.elf elf32-littlenios2)

.debug_ranges   0x00000000       0x38
 .debug_ranges  0x00000000       0x20 C:/PSE/fourth_pse_actvt/software/SoC1_workspace/SoC1_bsp//obj/HAL/src/crt0.o
 .debug_ranges  0x00000020       0x18 c:/altera/13.0/nios2eds/bin/gnu/h-i686-mingw32/bin/../lib/gcc/nios2-elf/4.1.2/../../../../nios2-elf/lib/mno-hw-mul\libsmallc.a(lib_a-__call_atexit.o)
